Using pre-set license
Built from '2022.3/staging' branch; Version is '2022.3.8f1 (b5eafc012955) revision 11922172'; Using compiler version '192829333'; Build Type 'Release'
OS: 'Windows 10  (10.0.19045) 64bit Professional' Language: 'en' Physical Memory: 32682 MB
BatchMode: 1, IsHumanControllingUs: 0, StartBugReporterOnCrash: 0, Is64bit: 1, IsPro: 1

COMMAND LINE ARGUMENTS:
C:\Program Files\Unity\Hub\Editor\2022.3.8f1\Editor\Unity.exe
-adb2
-batchMode
-noUpm
-name
AssetImportWorker2
-projectPath
C:/Users/Deves/Desktop/MY unity games BABEE/My project (1)
-logFile
Logs/AssetImportWorker2.log
-srvPort
62896
Successfully changed project path to: C:/Users/Deves/Desktop/MY unity games BABEE/My project (1)
C:/Users/Deves/Desktop/MY unity games BABEE/My project (1)
[UnityMemory] Configuration Parameters - Can be set up in boot.config
    "memorysetup-bucket-allocator-granularity=16"
    "memorysetup-bucket-allocator-bucket-count=8"
    "memorysetup-bucket-allocator-block-size=33554432"
    "memorysetup-bucket-allocator-block-count=8"
    "memorysetup-main-allocator-block-size=16777216"
    "memorysetup-thread-allocator-block-size=16777216"
    "memorysetup-gfx-main-allocator-block-size=16777216"
    "memorysetup-gfx-thread-allocator-block-size=16777216"
    "memorysetup-cache-allocator-block-size=4194304"
    "memorysetup-typetree-allocator-block-size=2097152"
    "memorysetup-profiler-bucket-allocator-granularity=16"
    "memorysetup-profiler-bucket-allocator-bucket-count=8"
    "memorysetup-profiler-bucket-allocator-block-size=33554432"
    "memorysetup-profiler-bucket-allocator-block-count=8"
    "memorysetup-profiler-allocator-block-size=16777216"
    "memorysetup-profiler-editor-allocator-block-size=1048576"
    "memorysetup-temp-allocator-size-main=16777216"
    "memorysetup-job-temp-allocator-block-size=2097152"
    "memorysetup-job-temp-allocator-block-size-background=1048576"
    "memorysetup-job-temp-allocator-reduction-small-platforms=262144"
    "memorysetup-allocator-temp-initial-block-size-main=262144"
    "memorysetup-allocator-temp-initial-block-size-worker=262144"
    "memorysetup-temp-allocator-size-background-worker=32768"
    "memorysetup-temp-allocator-size-job-worker=262144"
    "memorysetup-temp-allocator-size-preload-manager=33554432"
    "memorysetup-temp-allocator-size-nav-mesh-worker=65536"
    "memorysetup-temp-allocator-size-audio-worker=65536"
    "memorysetup-temp-allocator-size-cloud-worker=32768"
    "memorysetup-temp-allocator-size-gi-baking-worker=262144"
    "memorysetup-temp-allocator-size-gfx=262144"
Player connection [91392] Host "[IP] 192.168.2.221 [Port] 0 [Flags] 2 [Guid] 1066742433 [EditorId] 1066742433 [Version] 1048832 [Id] WindowsEditor(7,DESKTOP-4GKF08P) [Debug] 1 [PackageName] WindowsEditor [ProjectName] Editor" joined multi-casting on [225.0.0.222:54997]...

Player connection [91392] Host "[IP] 192.168.2.221 [Port] 0 [Flags] 2 [Guid] 1066742433 [EditorId] 1066742433 [Version] 1048832 [Id] WindowsEditor(7,DESKTOP-4GKF08P) [Debug] 1 [PackageName] WindowsEditor [ProjectName] Editor" joined alternative multi-casting on [225.0.0.222:34997]...

[Physics::Module] Initialized MultithreadedJobDispatcher with 15 workers.
Refreshing native plugins compatible for Editor in 8.47 ms, found 3 plugins.
Preloading 0 native plugins for Editor in 0.00 ms.
Initialize engine version: 2022.3.8f1 (b5eafc012955)
[Subsystems] Discovering subsystems at path C:/Program Files/Unity/Hub/Editor/2022.3.8f1/Editor/Data/Resources/UnitySubsystems
[Subsystems] Discovering subsystems at path C:/Users/Deves/Desktop/MY unity games BABEE/My project (1)/Assets
GfxDevice: creating device client; threaded=0; jobified=0
Direct3D:
    Version:  Direct3D 11.0 [level 11.1]
    Renderer: NVIDIA GeForce RTX 3060 Ti (ID=0x2486)
    Vendor:   NVIDIA
    VRAM:     8038 MB
    Driver:   31.0.15.3623
Initialize mono
Mono path[0] = 'C:/Program Files/Unity/Hub/Editor/2022.3.8f1/Editor/Data/Managed'
Mono path[1] = 'C:/Program Files/Unity/Hub/Editor/2022.3.8f1/Editor/Data/MonoBleedingEdge/lib/mono/unityjit-win32'
Mono config path = 'C:/Program Files/Unity/Hub/Editor/2022.3.8f1/Editor/Data/MonoBleedingEdge/etc'
Using monoOptions --debugger-agent=transport=dt_socket,embedding=1,server=y,suspend=n,address=127.0.0.1:56264
Begin MonoManager ReloadAssembly
Registering precompiled unity dll's ...
Register platform support module: C:/Program Files/Unity/Hub/Editor/2022.3.8f1/Editor/Data/PlaybackEngines/WindowsStandaloneSupport/UnityEditor.WindowsStandalone.Extensions.dll
Register platform support module: C:/Program Files/Unity/Hub/Editor/2022.3.8f1/Editor/Data/PlaybackEngines/MetroSupport/UnityEditor.UWP.Extensions.dll
Registered in 0.014572 seconds.
- Loaded All Assemblies, in  0.486 seconds
Native extension for UWP target not found
Native extension for WindowsStandalone target not found
Mono: successfully reloaded assembly
- Finished resetting the current domain, in  0.386 seconds
Domain Reload Profiling: 870ms
	BeginReloadAssembly (127ms)
		ExecutionOrderSort (0ms)
		DisableScriptedObjects (0ms)
		BackupInstance (0ms)
		ReleaseScriptingObjects (0ms)
		CreateAndSetChildDomain (1ms)
	RebuildCommonClasses (45ms)
	RebuildNativeTypeToScriptingClass (17ms)
	initialDomainReloadingComplete (85ms)
	LoadAllAssembliesAndSetupDomain (210ms)
		LoadAssemblies (125ms)
		RebuildTransferFunctionScriptingTraits (0ms)
		AnalyzeDomain (207ms)
			TypeCache.Refresh (204ms)
				TypeCache.ScanAssembly (182ms)
			ScanForSourceGeneratedMonoScriptInfo (1ms)
			ResolveRequiredComponents (1ms)
	FinalizeReload (387ms)
		ReleaseScriptCaches (0ms)
		RebuildScriptCaches (0ms)
		SetupLoadedEditorAssemblies (280ms)
			LogAssemblyErrors (0ms)
			InitializePlatformSupportModulesInManaged (18ms)
			SetLoadedEditorAssemblies (7ms)
			RefreshPlugins (0ms)
			BeforeProcessingInitializeOnLoad (4ms)
			ProcessInitializeOnLoadAttributes (181ms)
			ProcessInitializeOnLoadMethodAttributes (70ms)
			AfterProcessingInitializeOnLoad (0ms)
			EditorAssembliesLoaded (0ms)
		ExecutionOrderSort2 (0ms)
		AwakeInstancesAfterBackupRestoration (0ms)
========================================================================
Worker process is ready to serve import requests
Begin MonoManager ReloadAssembly
- Loaded All Assemblies, in  0.852 seconds
Refreshing native plugins compatible for Editor in 3.81 ms, found 3 plugins.
Native extension for UWP target not found
Native extension for WindowsStandalone target not found
Package Manager log level set to [2]
[Package Manager] Server::EnsureServerProcessIsRunning -- launch failed, reason: Unity was launched with the -noUpm command-line argument
[Package Manager] UpmClient::Send -- Unable to send message (not connected to UPM process).
[Package Manager] Cannot connect to Unity Package Manager local server
Mono: successfully reloaded assembly
- Finished resetting the current domain, in  0.870 seconds
Domain Reload Profiling: 1719ms
	BeginReloadAssembly (209ms)
		ExecutionOrderSort (0ms)
		DisableScriptedObjects (9ms)
		BackupInstance (0ms)
		ReleaseScriptingObjects (0ms)
		CreateAndSetChildDomain (28ms)
	RebuildCommonClasses (45ms)
	RebuildNativeTypeToScriptingClass (18ms)
	initialDomainReloadingComplete (54ms)
	LoadAllAssembliesAndSetupDomain (523ms)
		LoadAssemblies (424ms)
		RebuildTransferFunctionScriptingTraits (0ms)
		AnalyzeDomain (225ms)
			TypeCache.Refresh (197ms)
				TypeCache.ScanAssembly (176ms)
			ScanForSourceGeneratedMonoScriptInfo (21ms)
			ResolveRequiredComponents (5ms)
	FinalizeReload (871ms)
		ReleaseScriptCaches (0ms)
		RebuildScriptCaches (0ms)
		SetupLoadedEditorAssemblies (671ms)
			LogAssemblyErrors (0ms)
			InitializePlatformSupportModulesInManaged (13ms)
			SetLoadedEditorAssemblies (7ms)
			RefreshPlugins (0ms)
			BeforeProcessingInitializeOnLoad (119ms)
			ProcessInitializeOnLoadAttributes (498ms)
			ProcessInitializeOnLoadMethodAttributes (25ms)
			AfterProcessingInitializeOnLoad (8ms)
			EditorAssembliesLoaded (0ms)
		ExecutionOrderSort2 (0ms)
		AwakeInstancesAfterBackupRestoration (8ms)
Launched and connected shader compiler UnityShaderCompiler.exe after 0.06 seconds
Refreshing native plugins compatible for Editor in 4.13 ms, found 3 plugins.
Preloading 0 native plugins for Editor in 0.00 ms.
Unloading 3080 Unused Serialized files (Serialized files now loaded: 0)
Unloading 31 unused Assets / (56.3 KB). Loaded Objects now: 3542.
Memory consumption went from 114.5 MB to 114.4 MB.
Total: 3.373700 ms (FindLiveObjects: 0.308500 ms CreateObjectMapping: 0.328600 ms MarkObjects: 2.630600 ms  DeleteObjects: 0.104700 ms)

AssetImportParameters requested are different than current active one (requested -> active):
  custom:container-demuxer-ogg: 62fdf1f143b41e24485cea50d1cbac27 -> 
  custom:video-decoder-ogg-theora: a1e56fd34408186e4bbccfd4996cb3dc -> 
  custom:framework-win-MediaFoundation: 216162199b28c13a410421893ffa2e32 -> 
  custom:container-demuxer-webm: 4f35f7cbe854078d1ac9338744f61a02 -> 
  custom:container-muxer-webm: aa71ff27fc2769a1b78a27578f13a17b -> 
  custom:video-decoder-webm-vp8: 9c59270c3fd7afecdb556c50c9e8de78 -> 
  custom:AudioImporter_EditorPlatform: d09bf68614088b80899f8185d706f6e7 -> 
  custom:video-encoder-webm-vp8: eb34c28f22e8b96e1ab97ce403110664 -> 
  custom:audio-decoder-ogg-vorbis: bf7c407c2cedff20999df2af8eb42d56 -> 
  custom:audio-encoder-webm-vorbis: bf7c407c2cedff20999df2af8eb42d56 -> 
========================================================================
Received Import Request.
  Time since last request: 1980602.154047 seconds.
  path: Assets/textures/Metal046A_2K-JPG_Roughness.jpg
  artifactKey: Guid(c1dfe2763201fba408ce7f6018244942) Importer(2089858483,0ecaa5967403d082aa24f35e1b516d23)
Start importing Assets/textures/Metal046A_2K-JPG_Roughness.jpg using Guid(c1dfe2763201fba408ce7f6018244942) Importer(2089858483,0ecaa5967403d082aa24f35e1b516d23) Generated GUIDs only implemented for interfaces!
 -> (artifact id: '6ae5438d17562b0bc0d523b9d3ffdf8b') in 0.236101 seconds
Number of updated asset objects reloaded before import = 0
Number of asset objects unloaded after import = 1
========================================================================
Received Import Request.
  Time since last request: 0.000028 seconds.
  path: Assets/DevTex/Materials/Dev_metallic_grey50.mat
  artifactKey: Guid(20457073f8936cd4fbd445dfe7e2b7e4) Importer(2089858483,0ecaa5967403d082aa24f35e1b516d23)
Start importing Assets/DevTex/Materials/Dev_metallic_grey50.mat using Guid(20457073f8936cd4fbd445dfe7e2b7e4) Importer(2089858483,0ecaa5967403d082aa24f35e1b516d23) Generated GUIDs only implemented for interfaces!
 -> (artifact id: '21455de42cd0f3611a2c3c4408b59b03') in 0.064418 seconds
Number of updated asset objects reloaded before import = 0
Number of asset objects unloaded after import = 3
========================================================================
Received Import Request.
  Time since last request: 0.000030 seconds.
  path: Assets/DevTex/Textures/Prefab_Grey25.png
  artifactKey: Guid(edbd1f26a74da8f45b34d7a07d5aac22) Importer(2089858483,0ecaa5967403d082aa24f35e1b516d23)
Start importing Assets/DevTex/Textures/Prefab_Grey25.png using Guid(edbd1f26a74da8f45b34d7a07d5aac22) Importer(2089858483,0ecaa5967403d082aa24f35e1b516d23) Generated GUIDs only implemented for interfaces!
 -> (artifact id: 'aa4aac5b79eb581bad692a0b25a81748') in 0.049465 seconds
Number of updated asset objects reloaded before import = 0
Number of asset objects unloaded after import = 1
========================================================================
Received Import Request.
  Time since last request: 0.000020 seconds.
  path: Assets/DevTex/Textures/Prefab_Grey75.png
  artifactKey: Guid(38fbec325fe791149aceb45cb8d1fe8a) Importer(2089858483,0ecaa5967403d082aa24f35e1b516d23)
Start importing Assets/DevTex/Textures/Prefab_Grey75.png using Guid(38fbec325fe791149aceb45cb8d1fe8a) Importer(2089858483,0ecaa5967403d082aa24f35e1b516d23) Generated GUIDs only implemented for interfaces!
 -> (artifact id: '5888797baaab6b25e56fb9127194fbc1') in 0.042974 seconds
Number of updated asset objects reloaded before import = 0
Number of asset objects unloaded after import = 1
========================================================================
Received Import Request.
  Time since last request: 0.000023 seconds.
  path: Assets/textures/metal_0058_ao_2k.jpg
  artifactKey: Guid(0a3443b0497ef9b42a3c828b522896cc) Importer(2089858483,0ecaa5967403d082aa24f35e1b516d23)
Start importing Assets/textures/metal_0058_ao_2k.jpg using Guid(0a3443b0497ef9b42a3c828b522896cc) Importer(2089858483,0ecaa5967403d082aa24f35e1b516d23) Generated GUIDs only implemented for interfaces!
 -> (artifact id: 'ee93f841c10f586f60cf26c15c422bbe') in 0.057055 seconds
Number of updated asset objects reloaded before import = 0
Number of asset objects unloaded after import = 1
========================================================================
Received Import Request.
  Time since last request: 0.000034 seconds.
  path: Assets/DevTex/Textures/Prefab_red.png
  artifactKey: Guid(e61c1e60462c13c4c8b36bbe95814ae5) Importer(2089858483,0ecaa5967403d082aa24f35e1b516d23)
Start importing Assets/DevTex/Textures/Prefab_red.png using Guid(e61c1e60462c13c4c8b36bbe95814ae5) Importer(2089858483,0ecaa5967403d082aa24f35e1b516d23) Generated GUIDs only implemented for interfaces!
 -> (artifact id: 'a3b580467ca235467350c5765f14753d') in 0.043028 seconds
Number of updated asset objects reloaded before import = 0
Number of asset objects unloaded after import = 1
========================================================================
Received Import Request.
  Time since last request: 0.000031 seconds.
  path: Assets/DevTex/Textures/Prefab_White.png
  artifactKey: Guid(7aec87028f70b254eba685a7e74b5b0b) Importer(2089858483,0ecaa5967403d082aa24f35e1b516d23)
Start importing Assets/DevTex/Textures/Prefab_White.png using Guid(7aec87028f70b254eba685a7e74b5b0b) Importer(2089858483,0ecaa5967403d082aa24f35e1b516d23) Generated GUIDs only implemented for interfaces!
 -> (artifact id: '6c90e0f4096933b822f12a8594f271dc') in 0.044631 seconds
Number of updated asset objects reloaded before import = 0
Number of asset objects unloaded after import = 1
========================================================================
Received Import Request.
  Time since last request: 0.000020 seconds.
  path: Assets/DevTex/Textures/Small_Look.png
  artifactKey: Guid(40f424e731fca594598a90b3a14c4114) Importer(2089858483,0ecaa5967403d082aa24f35e1b516d23)
Start importing Assets/DevTex/Textures/Small_Look.png using Guid(40f424e731fca594598a90b3a14c4114) Importer(2089858483,0ecaa5967403d082aa24f35e1b516d23) Generated GUIDs only implemented for interfaces!
 -> (artifact id: '7b16d775ea03d7d6b0fd53b47d25fc39') in 0.039010 seconds
Number of updated asset objects reloaded before import = 0
Number of asset objects unloaded after import = 1
========================================================================
Received Import Request.
  Time since last request: 0.000014 seconds.
  path: Assets/DevTex/Materials/Dev_zone_spawn.mat
  artifactKey: Guid(05c303e4d1eeb5447a09259f494fb777) Importer(2089858483,0ecaa5967403d082aa24f35e1b516d23)
Start importing Assets/DevTex/Materials/Dev_zone_spawn.mat using Guid(05c303e4d1eeb5447a09259f494fb777) Importer(2089858483,0ecaa5967403d082aa24f35e1b516d23) Generated GUIDs only implemented for interfaces!
 -> (artifact id: '0a799a9d29c3f444b356dcca027961ce') in 0.025605 seconds
Number of updated asset objects reloaded before import = 0
Number of asset objects unloaded after import = 2
========================================================================
Received Import Request.
  Time since last request: 0.000016 seconds.
  path: Assets/materials/Rock ground.mat
  artifactKey: Guid(4b937df1e03e4e749bef5a02b5c1c0f4) Importer(2089858483,0ecaa5967403d082aa24f35e1b516d23)
Start importing Assets/materials/Rock ground.mat using Guid(4b937df1e03e4e749bef5a02b5c1c0f4) Importer(2089858483,0ecaa5967403d082aa24f35e1b516d23) Generated GUIDs only implemented for interfaces!
 -> (artifact id: '83b21087e841e6cf54eb57c6d5111ad6') in 0.084654 seconds
Number of updated asset objects reloaded before import = 0
Number of asset objects unloaded after import = 4
========================================================================
Received Import Request.
  Time since last request: 0.000017 seconds.
  path: Assets/DevTex/Materials/Dev_zone_skybox.mat
  artifactKey: Guid(59529c7de0e16c5469547b1349ffc77d) Importer(2089858483,0ecaa5967403d082aa24f35e1b516d23)
Start importing Assets/DevTex/Materials/Dev_zone_skybox.mat using Guid(59529c7de0e16c5469547b1349ffc77d) Importer(2089858483,0ecaa5967403d082aa24f35e1b516d23) Generated GUIDs only implemented for interfaces!
 -> (artifact id: 'c2ae6e1daef15c7b01c0646d312623b9') in 0.018850 seconds
Number of updated asset objects reloaded before import = 0
Number of asset objects unloaded after import = 2
========================================================================
Received Import Request.
  Time since last request: 0.000032 seconds.
  path: Assets/textures/Metal046A_2K-JPG_NormalGL.jpg
  artifactKey: Guid(d724cfbdc03f10f489932fc24080ee12) Importer(2089858483,0ecaa5967403d082aa24f35e1b516d23)
Start importing Assets/textures/Metal046A_2K-JPG_NormalGL.jpg using Guid(d724cfbdc03f10f489932fc24080ee12) Importer(2089858483,0ecaa5967403d082aa24f35e1b516d23) Generated GUIDs only implemented for interfaces!
 -> (artifact id: '5b7a8e378101b9cb63e253ab3f75857d') in 0.052141 seconds
Number of updated asset objects reloaded before import = 0
Number of asset objects unloaded after import = 1
========================================================================
Received Import Request.
  Time since last request: 0.000067 seconds.
  path: Assets/DevTex/Materials/Dev_metallic_grey25.mat
  artifactKey: Guid(5ed4edfd77d485b4b9a3bdfb5d14c9d7) Importer(2089858483,0ecaa5967403d082aa24f35e1b516d23)
Start importing Assets/DevTex/Materials/Dev_metallic_grey25.mat using Guid(5ed4edfd77d485b4b9a3bdfb5d14c9d7) Importer(2089858483,0ecaa5967403d082aa24f35e1b516d23) Generated GUIDs only implemented for interfaces!
 -> (artifact id: '9310db3c5d6a3729039259c031da2db6') in 0.021086 seconds
Number of updated asset objects reloaded before import = 0
Number of asset objects unloaded after import = 3
========================================================================
Received Import Request.
  Time since last request: 0.000017 seconds.
  path: Assets/materials/revolver.mat
  artifactKey: Guid(3366a493fc7623047add3952bed0682a) Importer(2089858483,0ecaa5967403d082aa24f35e1b516d23)
Start importing Assets/materials/revolver.mat using Guid(3366a493fc7623047add3952bed0682a) Importer(2089858483,0ecaa5967403d082aa24f35e1b516d23) Generated GUIDs only implemented for interfaces!
 -> (artifact id: 'a85776921ebc79d40734e0d454f66b40') in 0.021551 seconds
Number of updated asset objects reloaded before import = 0
Number of asset objects unloaded after import = 1
========================================================================
Received Import Request.
  Time since last request: 0.000015 seconds.
  path: Assets/DevTex/Materials/Dev_trigger_small_target.mat
  artifactKey: Guid(4d106162472b9e646809f2c3ad696542) Importer(2089858483,0ecaa5967403d082aa24f35e1b516d23)
Start importing Assets/DevTex/Materials/Dev_trigger_small_target.mat using Guid(4d106162472b9e646809f2c3ad696542) Importer(2089858483,0ecaa5967403d082aa24f35e1b516d23) Generated GUIDs only implemented for interfaces!
 -> (artifact id: '9d8c8b1a19035b6fe63f0cb2f95c70e8') in 0.016788 seconds
Number of updated asset objects reloaded before import = 0
Number of asset objects unloaded after import = 2
========================================================================
Received Import Request.
  Time since last request: 0.000020 seconds.
  path: Assets/DevTex/Textures/Prefab_tan.png
  artifactKey: Guid(9d75e9f07b95b04489b58dab513a8e47) Importer(2089858483,0ecaa5967403d082aa24f35e1b516d23)
Start importing Assets/DevTex/Textures/Prefab_tan.png using Guid(9d75e9f07b95b04489b58dab513a8e47) Importer(2089858483,0ecaa5967403d082aa24f35e1b516d23) Generated GUIDs only implemented for interfaces!
 -> (artifact id: '187f5d15b80cde30d99b91dd99afbfd5') in 0.041275 seconds
Number of updated asset objects reloaded before import = 0
Number of asset objects unloaded after import = 1
========================================================================
Received Import Request.
  Time since last request: 0.000082 seconds.
  path: Assets/textures/metal_0058_normal_opengl_2k.png
  artifactKey: Guid(980aa6be92d15d046ae964d1ff9897c5) Importer(2089858483,0ecaa5967403d082aa24f35e1b516d23)
Start importing Assets/textures/metal_0058_normal_opengl_2k.png using Guid(980aa6be92d15d046ae964d1ff9897c5) Importer(2089858483,0ecaa5967403d082aa24f35e1b516d23) Generated GUIDs only implemented for interfaces!
 -> (artifact id: 'da5c0f458820bf6499472f8bc6b43df5') in 0.061041 seconds
Number of updated asset objects reloaded before import = 0
Number of asset objects unloaded after import = 1
========================================================================
Received Import Request.
  Time since last request: 0.000026 seconds.
  path: Assets/DevTex/Materials/Dev_metallic_white.mat
  artifactKey: Guid(ae2587bade3efb6418a0e106686ba031) Importer(2089858483,0ecaa5967403d082aa24f35e1b516d23)
Start importing Assets/DevTex/Materials/Dev_metallic_white.mat using Guid(ae2587bade3efb6418a0e106686ba031) Importer(2089858483,0ecaa5967403d082aa24f35e1b516d23) Generated GUIDs only implemented for interfaces!
 -> (artifact id: '912ff59fbf6d7e1839140c1290497e0e') in 0.023090 seconds
Number of updated asset objects reloaded before import = 0
Number of asset objects unloaded after import = 3
========================================================================
Received Import Request.
  Time since last request: 0.000017 seconds.
  path: Assets/DevTex/Textures/Prefab_Ref_a.png
  artifactKey: Guid(a40fa2693b59eae42afc9eed3e10b3fd) Importer(2089858483,0ecaa5967403d082aa24f35e1b516d23)
Start importing Assets/DevTex/Textures/Prefab_Ref_a.png using Guid(a40fa2693b59eae42afc9eed3e10b3fd) Importer(2089858483,0ecaa5967403d082aa24f35e1b516d23) Generated GUIDs only implemented for interfaces!
 -> (artifact id: '6f6d51801ab5b459f1dac1b51d1c06e8') in 0.050460 seconds
Number of updated asset objects reloaded before import = 0
Number of asset objects unloaded after import = 1
========================================================================
Received Import Request.
  Time since last request: 0.000022 seconds.
  path: Assets/DevTex/Materials/Dev_trigger_world.mat
  artifactKey: Guid(8dcd8427f7423a940b98db10f0680e54) Importer(2089858483,0ecaa5967403d082aa24f35e1b516d23)
Start importing Assets/DevTex/Materials/Dev_trigger_world.mat using Guid(8dcd8427f7423a940b98db10f0680e54) Importer(2089858483,0ecaa5967403d082aa24f35e1b516d23) Generated GUIDs only implemented for interfaces!
 -> (artifact id: 'c92216a0489041491682086b37fd0c86') in 0.027211 seconds
Number of updated asset objects reloaded before import = 0
Number of asset objects unloaded after import = 2
========================================================================
Received Import Request.
  Time since last request: 0.000041 seconds.
  path: Assets/DevTex/Materials/Dev_trigger.mat
  artifactKey: Guid(76aac3d358f5d14429ab92e6eb0a4de0) Importer(2089858483,0ecaa5967403d082aa24f35e1b516d23)
Start importing Assets/DevTex/Materials/Dev_trigger.mat using Guid(76aac3d358f5d14429ab92e6eb0a4de0) Importer(2089858483,0ecaa5967403d082aa24f35e1b516d23) Generated GUIDs only implemented for interfaces!
 -> (artifact id: 'bf7c2f6ddbe4bc65243a39336121cb03') in 0.016652 seconds
Number of updated asset objects reloaded before import = 0
Number of asset objects unloaded after import = 2
========================================================================
Received Import Request.
  Time since last request: 0.000021 seconds.
  path: Assets/scripts/PlayerMovement.cs
  artifactKey: Guid(9c1ebf8e3e5d69a448e555e578d41e74) Importer(2089858483,0ecaa5967403d082aa24f35e1b516d23)
Start importing Assets/scripts/PlayerMovement.cs using Guid(9c1ebf8e3e5d69a448e555e578d41e74) Importer(2089858483,0ecaa5967403d082aa24f35e1b516d23) Generated GUIDs only implemented for interfaces!
 -> (artifact id: '5ddf83fdb3bf15ddb9f866977b03696f') in 0.021824 seconds
Number of updated asset objects reloaded before import = 0
Number of asset objects unloaded after import = 1
========================================================================
Received Import Request.
  Time since last request: 0.000023 seconds.
  path: Assets/textures/metal_0058_height_2k.png
  artifactKey: Guid(2e39b61a5474979448f018bcdc7d49ec) Importer(2089858483,0ecaa5967403d082aa24f35e1b516d23)
Start importing Assets/textures/metal_0058_height_2k.png using Guid(2e39b61a5474979448f018bcdc7d49ec) Importer(2089858483,0ecaa5967403d082aa24f35e1b516d23) Generated GUIDs only implemented for interfaces!
 -> (artifact id: '718663b11f453adfa79e4ac9de44b5f2') in 0.056862 seconds
Number of updated asset objects reloaded before import = 0
Number of asset objects unloaded after import = 1
========================================================================
Received Import Request.
  Time since last request: 0.000037 seconds.
  path: Assets/textures/metal_0058_normal_direct_2k.png
  artifactKey: Guid(2ea9b5b6ebe6c0d4f9dc520e2f58bf21) Importer(2089858483,0ecaa5967403d082aa24f35e1b516d23)
Start importing Assets/textures/metal_0058_normal_direct_2k.png using Guid(2ea9b5b6ebe6c0d4f9dc520e2f58bf21) Importer(2089858483,0ecaa5967403d082aa24f35e1b516d23) Generated GUIDs only implemented for interfaces!
 -> (artifact id: '35273aeafb4404ad73d11943ddc94576') in 0.093187 seconds
Number of updated asset objects reloaded before import = 0
Number of asset objects unloaded after import = 1
========================================================================
Received Import Request.
  Time since last request: 0.000023 seconds.
  path: Assets/DevTex/Materials/Dev_reflective_70.mat
  artifactKey: Guid(4a845a9e2b872374aa2d6df8735b4112) Importer(2089858483,0ecaa5967403d082aa24f35e1b516d23)
Start importing Assets/DevTex/Materials/Dev_reflective_70.mat using Guid(4a845a9e2b872374aa2d6df8735b4112) Importer(2089858483,0ecaa5967403d082aa24f35e1b516d23) Generated GUIDs only implemented for interfaces!
 -> (artifact id: '7824d1581cb68117e1c2cc459cae4b9e') in 0.030484 seconds
Number of updated asset objects reloaded before import = 0
Number of asset objects unloaded after import = 3
========================================================================
Received Import Request.
  Time since last request: 0.000024 seconds.
  path: Assets/textures/metal_0058_roughness_2k.jpg
  artifactKey: Guid(a27fc29d63b83f54590be9f02313f6aa) Importer(2089858483,0ecaa5967403d082aa24f35e1b516d23)
Start importing Assets/textures/metal_0058_roughness_2k.jpg using Guid(a27fc29d63b83f54590be9f02313f6aa) Importer(2089858483,0ecaa5967403d082aa24f35e1b516d23) Generated GUIDs only implemented for interfaces!
 -> (artifact id: '120a427cf9e46dd3929734f3fcf145d2') in 0.101240 seconds
Number of updated asset objects reloaded before import = 0
Number of asset objects unloaded after import = 1
========================================================================
Received Prepare
Refreshing native plugins compatible for Editor in 3.64 ms, found 3 plugins.
Preloading 0 native plugins for Editor in 0.00 ms.
Unloading 0 Unused Serialized files (Serialized files now loaded: 0)
Unloading 1 unused Assets / (0.8 KB). Loaded Objects now: 3542.
Memory consumption went from 65.6 MB to 65.6 MB.
Total: 4.172100 ms (FindLiveObjects: 0.357900 ms CreateObjectMapping: 0.330400 ms MarkObjects: 3.444800 ms  DeleteObjects: 0.038100 ms)

Prepare: number of updated asset objects reloaded= 0
AssetImportParameters requested are different than current active one (requested -> active):
  custom:container-demuxer-ogg: 62fdf1f143b41e24485cea50d1cbac27 -> 
  custom:video-decoder-ogg-theora: a1e56fd34408186e4bbccfd4996cb3dc -> 
  custom:framework-win-MediaFoundation: 216162199b28c13a410421893ffa2e32 -> 
  custom:CustomObjectIndexerAttribute: 756ad292c208cfabdd7b50bc23989ffe -> 
  custom:container-demuxer-webm: 4f35f7cbe854078d1ac9338744f61a02 -> 
  custom:container-muxer-webm: aa71ff27fc2769a1b78a27578f13a17b -> 
  custom:video-decoder-webm-vp8: 9c59270c3fd7afecdb556c50c9e8de78 -> 
  custom:SearchIndexIgnoredProperties: e643bd26f0fe6173181afceb89e7c659 -> 
  custom:AudioImporter_EditorPlatform: d09bf68614088b80899f8185d706f6e7 -> 
  custom:video-encoder-webm-vp8: eb34c28f22e8b96e1ab97ce403110664 -> 
  custom:audio-decoder-ogg-vorbis: bf7c407c2cedff20999df2af8eb42d56 -> 
  custom:audio-encoder-webm-vorbis: bf7c407c2cedff20999df2af8eb42d56 -> 
