Using pre-set license
Built from '2022.3/staging' branch; Version is '2022.3.8f1 (b5eafc012955) revision 11922172'; Using compiler version '192829333'; Build Type 'Release'
OS: 'Windows 10  (10.0.19045) 64bit Professional' Language: 'en' Physical Memory: 32682 MB
BatchMode: 1, IsHumanControllingUs: 0, StartBugReporterOnCrash: 0, Is64bit: 1, IsPro: 1

COMMAND LINE ARGUMENTS:
C:\Program Files\Unity\Hub\Editor\2022.3.8f1\Editor\Unity.exe
-adb2
-batchMode
-noUpm
-name
AssetImportWorker3
-projectPath
C:/Users/Deves/Desktop/MY unity games BABEE/My project (1)
-logFile
Logs/AssetImportWorker3.log
-srvPort
62896
Successfully changed project path to: C:/Users/Deves/Desktop/MY unity games BABEE/My project (1)
C:/Users/Deves/Desktop/MY unity games BABEE/My project (1)
[UnityMemory] Configuration Parameters - Can be set up in boot.config
    "memorysetup-bucket-allocator-granularity=16"
    "memorysetup-bucket-allocator-bucket-count=8"
    "memorysetup-bucket-allocator-block-size=33554432"
    "memorysetup-bucket-allocator-block-count=8"
    "memorysetup-main-allocator-block-size=16777216"
    "memorysetup-thread-allocator-block-size=16777216"
    "memorysetup-gfx-main-allocator-block-size=16777216"
    "memorysetup-gfx-thread-allocator-block-size=16777216"
    "memorysetup-cache-allocator-block-size=4194304"
    "memorysetup-typetree-allocator-block-size=2097152"
    "memorysetup-profiler-bucket-allocator-granularity=16"
    "memorysetup-profiler-bucket-allocator-bucket-count=8"
    "memorysetup-profiler-bucket-allocator-block-size=33554432"
    "memorysetup-profiler-bucket-allocator-block-count=8"
    "memorysetup-profiler-allocator-block-size=16777216"
    "memorysetup-profiler-editor-allocator-block-size=1048576"
    "memorysetup-temp-allocator-size-main=16777216"
    "memorysetup-job-temp-allocator-block-size=2097152"
    "memorysetup-job-temp-allocator-block-size-background=1048576"
    "memorysetup-job-temp-allocator-reduction-small-platforms=262144"
    "memorysetup-allocator-temp-initial-block-size-main=262144"
    "memorysetup-allocator-temp-initial-block-size-worker=262144"
    "memorysetup-temp-allocator-size-background-worker=32768"
    "memorysetup-temp-allocator-size-job-worker=262144"
    "memorysetup-temp-allocator-size-preload-manager=33554432"
    "memorysetup-temp-allocator-size-nav-mesh-worker=65536"
    "memorysetup-temp-allocator-size-audio-worker=65536"
    "memorysetup-temp-allocator-size-cloud-worker=32768"
    "memorysetup-temp-allocator-size-gi-baking-worker=262144"
    "memorysetup-temp-allocator-size-gfx=262144"
Player connection [114208] Host "[IP] 192.168.2.221 [Port] 0 [Flags] 2 [Guid] 816359362 [EditorId] 816359362 [Version] 1048832 [Id] WindowsEditor(7,DESKTOP-4GKF08P) [Debug] 1 [PackageName] WindowsEditor [ProjectName] Editor" joined multi-casting on [225.0.0.222:54997]...

Player connection [114208] Host "[IP] 192.168.2.221 [Port] 0 [Flags] 2 [Guid] 816359362 [EditorId] 816359362 [Version] 1048832 [Id] WindowsEditor(7,DESKTOP-4GKF08P) [Debug] 1 [PackageName] WindowsEditor [ProjectName] Editor" joined alternative multi-casting on [225.0.0.222:34997]...

[Physics::Module] Initialized MultithreadedJobDispatcher with 15 workers.
Refreshing native plugins compatible for Editor in 9.11 ms, found 3 plugins.
Preloading 0 native plugins for Editor in 0.00 ms.
Initialize engine version: 2022.3.8f1 (b5eafc012955)
[Subsystems] Discovering subsystems at path C:/Program Files/Unity/Hub/Editor/2022.3.8f1/Editor/Data/Resources/UnitySubsystems
[Subsystems] Discovering subsystems at path C:/Users/Deves/Desktop/MY unity games BABEE/My project (1)/Assets
GfxDevice: creating device client; threaded=0; jobified=0
Direct3D:
    Version:  Direct3D 11.0 [level 11.1]
    Renderer: NVIDIA GeForce RTX 3060 Ti (ID=0x2486)
    Vendor:   NVIDIA
    VRAM:     8038 MB
    Driver:   31.0.15.3623
Initialize mono
Mono path[0] = 'C:/Program Files/Unity/Hub/Editor/2022.3.8f1/Editor/Data/Managed'
Mono path[1] = 'C:/Program Files/Unity/Hub/Editor/2022.3.8f1/Editor/Data/MonoBleedingEdge/lib/mono/unityjit-win32'
Mono config path = 'C:/Program Files/Unity/Hub/Editor/2022.3.8f1/Editor/Data/MonoBleedingEdge/etc'
Using monoOptions --debugger-agent=transport=dt_socket,embedding=1,server=y,suspend=n,address=127.0.0.1:56328
Begin MonoManager ReloadAssembly
Registering precompiled unity dll's ...
Register platform support module: C:/Program Files/Unity/Hub/Editor/2022.3.8f1/Editor/Data/PlaybackEngines/WindowsStandaloneSupport/UnityEditor.WindowsStandalone.Extensions.dll
Register platform support module: C:/Program Files/Unity/Hub/Editor/2022.3.8f1/Editor/Data/PlaybackEngines/MetroSupport/UnityEditor.UWP.Extensions.dll
Registered in 0.013305 seconds.
- Loaded All Assemblies, in  0.501 seconds
Native extension for UWP target not found
Native extension for WindowsStandalone target not found
Mono: successfully reloaded assembly
- Finished resetting the current domain, in  0.382 seconds
Domain Reload Profiling: 879ms
	BeginReloadAssembly (130ms)
		ExecutionOrderSort (0ms)
		DisableScriptedObjects (0ms)
		BackupInstance (0ms)
		ReleaseScriptingObjects (0ms)
		CreateAndSetChildDomain (1ms)
	RebuildCommonClasses (49ms)
	RebuildNativeTypeToScriptingClass (16ms)
	initialDomainReloadingComplete (86ms)
	LoadAllAssembliesAndSetupDomain (216ms)
		LoadAssemblies (128ms)
		RebuildTransferFunctionScriptingTraits (0ms)
		AnalyzeDomain (213ms)
			TypeCache.Refresh (211ms)
				TypeCache.ScanAssembly (187ms)
			ScanForSourceGeneratedMonoScriptInfo (1ms)
			ResolveRequiredComponents (1ms)
	FinalizeReload (382ms)
		ReleaseScriptCaches (0ms)
		RebuildScriptCaches (0ms)
		SetupLoadedEditorAssemblies (280ms)
			LogAssemblyErrors (0ms)
			InitializePlatformSupportModulesInManaged (15ms)
			SetLoadedEditorAssemblies (8ms)
			RefreshPlugins (0ms)
			BeforeProcessingInitializeOnLoad (4ms)
			ProcessInitializeOnLoadAttributes (183ms)
			ProcessInitializeOnLoadMethodAttributes (70ms)
			AfterProcessingInitializeOnLoad (0ms)
			EditorAssembliesLoaded (0ms)
		ExecutionOrderSort2 (0ms)
		AwakeInstancesAfterBackupRestoration (0ms)
========================================================================
Worker process is ready to serve import requests
Begin MonoManager ReloadAssembly
- Loaded All Assemblies, in  0.856 seconds
Refreshing native plugins compatible for Editor in 4.77 ms, found 3 plugins.
Native extension for UWP target not found
Native extension for WindowsStandalone target not found
Package Manager log level set to [2]
[Package Manager] Server::EnsureServerProcessIsRunning -- launch failed, reason: Unity was launched with the -noUpm command-line argument
[Package Manager] UpmClient::Send -- Unable to send message (not connected to UPM process).
[Package Manager] Cannot connect to Unity Package Manager local server
Mono: successfully reloaded assembly
- Finished resetting the current domain, in  0.892 seconds
Domain Reload Profiling: 1746ms
	BeginReloadAssembly (196ms)
		ExecutionOrderSort (0ms)
		DisableScriptedObjects (7ms)
		BackupInstance (0ms)
		ReleaseScriptingObjects (0ms)
		CreateAndSetChildDomain (34ms)
	RebuildCommonClasses (44ms)
	RebuildNativeTypeToScriptingClass (13ms)
	initialDomainReloadingComplete (56ms)
	LoadAllAssembliesAndSetupDomain (543ms)
		LoadAssemblies (404ms)
		RebuildTransferFunctionScriptingTraits (0ms)
		AnalyzeDomain (248ms)
			TypeCache.Refresh (220ms)
				TypeCache.ScanAssembly (201ms)
			ScanForSourceGeneratedMonoScriptInfo (18ms)
			ResolveRequiredComponents (8ms)
	FinalizeReload (893ms)
		ReleaseScriptCaches (0ms)
		RebuildScriptCaches (0ms)
		SetupLoadedEditorAssemblies (684ms)
			LogAssemblyErrors (0ms)
			InitializePlatformSupportModulesInManaged (11ms)
			SetLoadedEditorAssemblies (6ms)
			RefreshPlugins (0ms)
			BeforeProcessingInitializeOnLoad (130ms)
			ProcessInitializeOnLoadAttributes (498ms)
			ProcessInitializeOnLoadMethodAttributes (27ms)
			AfterProcessingInitializeOnLoad (11ms)
			EditorAssembliesLoaded (0ms)
		ExecutionOrderSort2 (0ms)
		AwakeInstancesAfterBackupRestoration (8ms)
Launched and connected shader compiler UnityShaderCompiler.exe after 0.06 seconds
Refreshing native plugins compatible for Editor in 3.16 ms, found 3 plugins.
Preloading 0 native plugins for Editor in 0.00 ms.
Unloading 3080 Unused Serialized files (Serialized files now loaded: 0)
Unloading 31 unused Assets / (56.3 KB). Loaded Objects now: 3542.
Memory consumption went from 114.5 MB to 114.4 MB.
Total: 3.328700 ms (FindLiveObjects: 0.272000 ms CreateObjectMapping: 0.255900 ms MarkObjects: 2.672700 ms  DeleteObjects: 0.127200 ms)

AssetImportParameters requested are different than current active one (requested -> active):
  custom:container-demuxer-ogg: 62fdf1f143b41e24485cea50d1cbac27 -> 
  custom:video-decoder-ogg-theora: a1e56fd34408186e4bbccfd4996cb3dc -> 
  custom:framework-win-MediaFoundation: 216162199b28c13a410421893ffa2e32 -> 
  custom:container-demuxer-webm: 4f35f7cbe854078d1ac9338744f61a02 -> 
  custom:container-muxer-webm: aa71ff27fc2769a1b78a27578f13a17b -> 
  custom:video-decoder-webm-vp8: 9c59270c3fd7afecdb556c50c9e8de78 -> 
  custom:AudioImporter_EditorPlatform: d09bf68614088b80899f8185d706f6e7 -> 
  custom:video-encoder-webm-vp8: eb34c28f22e8b96e1ab97ce403110664 -> 
  custom:audio-decoder-ogg-vorbis: bf7c407c2cedff20999df2af8eb42d56 -> 
  custom:audio-encoder-webm-vorbis: bf7c407c2cedff20999df2af8eb42d56 -> 
========================================================================
Received Import Request.
  Time since last request: 1980602.188179 seconds.
  path: Assets/DevTex/Textures/Collide_Scene.png
  artifactKey: Guid(51f3b8ff19a42d3489663fb2f20a5737) Importer(2089858483,0ecaa5967403d082aa24f35e1b516d23)
Start importing Assets/DevTex/Textures/Collide_Scene.png using Guid(51f3b8ff19a42d3489663fb2f20a5737) Importer(2089858483,0ecaa5967403d082aa24f35e1b516d23) Generated GUIDs only implemented for interfaces!
 -> (artifact id: '29087975f4c890dfd59aa1a15a50863a') in 0.229722 seconds
Number of updated asset objects reloaded before import = 0
Number of asset objects unloaded after import = 1
========================================================================
Received Import Request.
  Time since last request: 0.000047 seconds.
  path: Assets/DevTex/Materials/Dev_metallic_grey75.mat
  artifactKey: Guid(da87d1f361784a4419e8f285a9f43652) Importer(2089858483,0ecaa5967403d082aa24f35e1b516d23)
Start importing Assets/DevTex/Materials/Dev_metallic_grey75.mat using Guid(da87d1f361784a4419e8f285a9f43652) Importer(2089858483,0ecaa5967403d082aa24f35e1b516d23) Generated GUIDs only implemented for interfaces!
 -> (artifact id: '13f0fd6432ef9e67cebfe3dcb90cf064') in 0.066026 seconds
Number of updated asset objects reloaded before import = 0
Number of asset objects unloaded after import = 3
========================================================================
Received Import Request.
  Time since last request: 0.000031 seconds.
  path: Assets/DevTex/Materials/Dev_metallic_orange.mat
  artifactKey: Guid(8f61ba43f62e6524cba5e48f0913e4e2) Importer(2089858483,0ecaa5967403d082aa24f35e1b516d23)
Start importing Assets/DevTex/Materials/Dev_metallic_orange.mat using Guid(8f61ba43f62e6524cba5e48f0913e4e2) Importer(2089858483,0ecaa5967403d082aa24f35e1b516d23) Generated GUIDs only implemented for interfaces!
 -> (artifact id: 'cf66d0384876cd0de6b7625d24609e69') in 0.029479 seconds
Number of updated asset objects reloaded before import = 0
Number of asset objects unloaded after import = 3
========================================================================
Received Import Request.
  Time since last request: 0.000025 seconds.
  path: Assets/DevTex/Materials/Dev_trigger_small_listener.mat
  artifactKey: Guid(ba849e1ad6993524aa9e0f679bad6926) Importer(2089858483,0ecaa5967403d082aa24f35e1b516d23)
Start importing Assets/DevTex/Materials/Dev_trigger_small_listener.mat using Guid(ba849e1ad6993524aa9e0f679bad6926) Importer(2089858483,0ecaa5967403d082aa24f35e1b516d23) Generated GUIDs only implemented for interfaces!
 -> (artifact id: '870a5884d03c6e61d2e2e837fadbae2c') in 0.030284 seconds
Number of updated asset objects reloaded before import = 0
Number of asset objects unloaded after import = 2
========================================================================
Received Import Request.
  Time since last request: 0.000023 seconds.
  path: Assets/DevTex/Materials/Dev_trigger_small_look.mat
  artifactKey: Guid(78175d0569dc27c47bfe8be7ffa16d9d) Importer(2089858483,0ecaa5967403d082aa24f35e1b516d23)
Start importing Assets/DevTex/Materials/Dev_trigger_small_look.mat using Guid(78175d0569dc27c47bfe8be7ffa16d9d) Importer(2089858483,0ecaa5967403d082aa24f35e1b516d23) Generated GUIDs only implemented for interfaces!
 -> (artifact id: '9454d234c962ae0883509c744375672e') in 0.026217 seconds
Number of updated asset objects reloaded before import = 0
Number of asset objects unloaded after import = 2
========================================================================
Received Import Request.
  Time since last request: 0.000020 seconds.
  path: Assets/textures/rock_face_03_nor_gl_4k.jpg
  artifactKey: Guid(5220f3a107f0a9d4ab37ebc9ac5a9184) Importer(2089858483,0ecaa5967403d082aa24f35e1b516d23)
Start importing Assets/textures/rock_face_03_nor_gl_4k.jpg using Guid(5220f3a107f0a9d4ab37ebc9ac5a9184) Importer(2089858483,0ecaa5967403d082aa24f35e1b516d23) Generated GUIDs only implemented for interfaces!
 -> (artifact id: '73be4a3e1bd83a8d7b678076de9bc0bc') in 0.074041 seconds
Number of updated asset objects reloaded before import = 0
Number of asset objects unloaded after import = 1
========================================================================
Received Import Request.
  Time since last request: 0.000029 seconds.
  path: Assets/DevTex/Textures/Solid_NoRender.png
  artifactKey: Guid(0f23691f2fdd342419ac3d41c7e91734) Importer(2089858483,0ecaa5967403d082aa24f35e1b516d23)
Start importing Assets/DevTex/Textures/Solid_NoRender.png using Guid(0f23691f2fdd342419ac3d41c7e91734) Importer(2089858483,0ecaa5967403d082aa24f35e1b516d23) Generated GUIDs only implemented for interfaces!
 -> (artifact id: '73bc5b60848e76cef1d97105b36068ea') in 0.046467 seconds
Number of updated asset objects reloaded before import = 0
Number of asset objects unloaded after import = 1
========================================================================
Received Import Request.
  Time since last request: 0.000035 seconds.
  path: Assets/DevTex/Materials/Dev_matte_tan.mat
  artifactKey: Guid(fb4297963cd7bcd48b0bd9ffa8397df7) Importer(2089858483,0ecaa5967403d082aa24f35e1b516d23)
Start importing Assets/DevTex/Materials/Dev_matte_tan.mat using Guid(fb4297963cd7bcd48b0bd9ffa8397df7) Importer(2089858483,0ecaa5967403d082aa24f35e1b516d23) Generated GUIDs only implemented for interfaces!
 -> (artifact id: '11da9fa32ecf4600c7a68f5426aee6be') in 0.019489 seconds
Number of updated asset objects reloaded before import = 0
Number of asset objects unloaded after import = 2
========================================================================
Received Import Request.
  Time since last request: 0.000022 seconds.
  path: Assets/DevTex/Materials/Dev_trigger_handler.mat
  artifactKey: Guid(9d8b07e0deeca5b46a5cd834c00a3dc0) Importer(2089858483,0ecaa5967403d082aa24f35e1b516d23)
Start importing Assets/DevTex/Materials/Dev_trigger_handler.mat using Guid(9d8b07e0deeca5b46a5cd834c00a3dc0) Importer(2089858483,0ecaa5967403d082aa24f35e1b516d23) Generated GUIDs only implemented for interfaces!
 -> (artifact id: '0993a60153582af36c3de2efa15a98b8') in 0.019014 seconds
Number of updated asset objects reloaded before import = 0
Number of asset objects unloaded after import = 2
========================================================================
Received Import Request.
  Time since last request: 0.000020 seconds.
  path: Assets/DevTex/Materials/Dev_metallic_purple.mat
  artifactKey: Guid(fde8f1cd7624c3345b42a76737332a1b) Importer(2089858483,0ecaa5967403d082aa24f35e1b516d23)
Start importing Assets/DevTex/Materials/Dev_metallic_purple.mat using Guid(fde8f1cd7624c3345b42a76737332a1b) Importer(2089858483,0ecaa5967403d082aa24f35e1b516d23) Generated GUIDs only implemented for interfaces!
 -> (artifact id: '2115d20a63429bfd4145657b42e6cd4d') in 0.022855 seconds
Number of updated asset objects reloaded before import = 0
Number of asset objects unloaded after import = 3
========================================================================
Received Import Request.
  Time since last request: 0.000017 seconds.
  path: Assets/DevTex/Textures/Collide_Trigger.png
  artifactKey: Guid(824f945e571a5174aaa9703ee1d360d3) Importer(2089858483,0ecaa5967403d082aa24f35e1b516d23)
Start importing Assets/DevTex/Textures/Collide_Trigger.png using Guid(824f945e571a5174aaa9703ee1d360d3) Importer(2089858483,0ecaa5967403d082aa24f35e1b516d23) Generated GUIDs only implemented for interfaces!
 -> (artifact id: 'e8fd63d415baafe2c3b048dc01b038b6') in 0.050455 seconds
Number of updated asset objects reloaded before import = 0
Number of asset objects unloaded after import = 1
========================================================================
Received Import Request.
  Time since last request: 0.000019 seconds.
  path: Assets/DevTex/Textures/Prefab_blue.png
  artifactKey: Guid(4cbf6265c6e95644a98b9801ad67e18d) Importer(2089858483,0ecaa5967403d082aa24f35e1b516d23)
Start importing Assets/DevTex/Textures/Prefab_blue.png using Guid(4cbf6265c6e95644a98b9801ad67e18d) Importer(2089858483,0ecaa5967403d082aa24f35e1b516d23) Generated GUIDs only implemented for interfaces!
 -> (artifact id: '47ce7c1e16e5a9ef76d524c207b8e5d9') in 0.049107 seconds
Number of updated asset objects reloaded before import = 0
Number of asset objects unloaded after import = 1
========================================================================
Received Import Request.
  Time since last request: 0.000019 seconds.
  path: Assets/textures/Metal046A_2K-JPG_Metalness.jpg
  artifactKey: Guid(b9204a79f63178d46ab706fc54ebd6ba) Importer(2089858483,0ecaa5967403d082aa24f35e1b516d23)
Start importing Assets/textures/Metal046A_2K-JPG_Metalness.jpg using Guid(b9204a79f63178d46ab706fc54ebd6ba) Importer(2089858483,0ecaa5967403d082aa24f35e1b516d23) Generated GUIDs only implemented for interfaces!
 -> (artifact id: 'cb2f4f26cf306bc3439f219f5486dbd1') in 0.048484 seconds
Number of updated asset objects reloaded before import = 0
Number of asset objects unloaded after import = 1
========================================================================
Received Import Request.
  Time since last request: 0.000024 seconds.
  path: Assets/textures/metal_0058_metallic_2k.jpg
  artifactKey: Guid(41b5c090a16fc324db760a0c3f60c783) Importer(2089858483,0ecaa5967403d082aa24f35e1b516d23)
Start importing Assets/textures/metal_0058_metallic_2k.jpg using Guid(41b5c090a16fc324db760a0c3f60c783) Importer(2089858483,0ecaa5967403d082aa24f35e1b516d23) Generated GUIDs only implemented for interfaces!
 -> (artifact id: '3c7c73ee5d15c099ba7700fb675a9d1e') in 0.052964 seconds
Number of updated asset objects reloaded before import = 0
Number of asset objects unloaded after import = 1
========================================================================
Received Import Request.
  Time since last request: 0.000025 seconds.
  path: Assets/textures/Metal046A_2K-JPG_Color.jpg
  artifactKey: Guid(9819cc0b5fce0014caf54c23b2802aec) Importer(2089858483,0ecaa5967403d082aa24f35e1b516d23)
Start importing Assets/textures/Metal046A_2K-JPG_Color.jpg using Guid(9819cc0b5fce0014caf54c23b2802aec) Importer(2089858483,0ecaa5967403d082aa24f35e1b516d23) Generated GUIDs only implemented for interfaces!
 -> (artifact id: '288e1a29f8f567fdf77077c078365338') in 0.050570 seconds
Number of updated asset objects reloaded before import = 0
Number of asset objects unloaded after import = 1
========================================================================
Received Import Request.
  Time since last request: 0.000018 seconds.
  path: Assets/DevTex/Materials/Dev_zone_hurt.mat
  artifactKey: Guid(f313821a38b213346878626c5f7fdb51) Importer(2089858483,0ecaa5967403d082aa24f35e1b516d23)
Start importing Assets/DevTex/Materials/Dev_zone_hurt.mat using Guid(f313821a38b213346878626c5f7fdb51) Importer(2089858483,0ecaa5967403d082aa24f35e1b516d23) Generated GUIDs only implemented for interfaces!
 -> (artifact id: 'a9c7ebda46cd0242dd0b0f0e8624e17b') in 0.026474 seconds
Number of updated asset objects reloaded before import = 0
Number of asset objects unloaded after import = 2
========================================================================
Received Import Request.
  Time since last request: 0.000022 seconds.
  path: Assets/DevTex/Materials/Dev_metallic_tan.mat
  artifactKey: Guid(c6ff35198bc8c154a9bb3e1446ea2a53) Importer(2089858483,0ecaa5967403d082aa24f35e1b516d23)
Start importing Assets/DevTex/Materials/Dev_metallic_tan.mat using Guid(c6ff35198bc8c154a9bb3e1446ea2a53) Importer(2089858483,0ecaa5967403d082aa24f35e1b516d23) Generated GUIDs only implemented for interfaces!
 -> (artifact id: 'f43ef04d5e55dede69956567f86a43ca') in 0.021086 seconds
Number of updated asset objects reloaded before import = 0
Number of asset objects unloaded after import = 3
========================================================================
Received Import Request.
  Time since last request: 0.000026 seconds.
  path: Assets/DevTex/Materials/Dev_matte_purple.mat
  artifactKey: Guid(883e689dfa4847941bce434d7db80613) Importer(2089858483,0ecaa5967403d082aa24f35e1b516d23)
Start importing Assets/DevTex/Materials/Dev_matte_purple.mat using Guid(883e689dfa4847941bce434d7db80613) Importer(2089858483,0ecaa5967403d082aa24f35e1b516d23) Generated GUIDs only implemented for interfaces!
 -> (artifact id: '1e923dbaacc8d505c92b0f98b80af544') in 0.019170 seconds
Number of updated asset objects reloaded before import = 0
Number of asset objects unloaded after import = 2
========================================================================
Received Import Request.
  Time since last request: 0.000033 seconds.
  path: Assets/DevTex/Materials/Dev_trigger_small_Audio.mat
  artifactKey: Guid(48a9dce5ee727f449b768b1333bf5b5f) Importer(2089858483,0ecaa5967403d082aa24f35e1b516d23)
Start importing Assets/DevTex/Materials/Dev_trigger_small_Audio.mat using Guid(48a9dce5ee727f449b768b1333bf5b5f) Importer(2089858483,0ecaa5967403d082aa24f35e1b516d23) Generated GUIDs only implemented for interfaces!
 -> (artifact id: '664b44f453e172d97fd681710f7be0d5') in 0.021273 seconds
Number of updated asset objects reloaded before import = 0
Number of asset objects unloaded after import = 2
========================================================================
Received Import Request.
  Time since last request: 0.000029 seconds.
  path: Assets/DevTex/Textures/Collide_Player.png
  artifactKey: Guid(bac4909bc8316f64d847112aa1c59e61) Importer(2089858483,0ecaa5967403d082aa24f35e1b516d23)
Start importing Assets/DevTex/Textures/Collide_Player.png using Guid(bac4909bc8316f64d847112aa1c59e61) Importer(2089858483,0ecaa5967403d082aa24f35e1b516d23) Generated GUIDs only implemented for interfaces!
 -> (artifact id: 'bc8fd2c88431fb9fc849449897c95c3e') in 0.049325 seconds
Number of updated asset objects reloaded before import = 0
Number of asset objects unloaded after import = 1
========================================================================
Received Import Request.
  Time since last request: 0.000041 seconds.
  path: Assets/DevTex/Materials/Dev_matte_grey50.mat
  artifactKey: Guid(363a19295a9ccab46953a4c375ee1a26) Importer(2089858483,0ecaa5967403d082aa24f35e1b516d23)
Start importing Assets/DevTex/Materials/Dev_matte_grey50.mat using Guid(363a19295a9ccab46953a4c375ee1a26) Importer(2089858483,0ecaa5967403d082aa24f35e1b516d23) Generated GUIDs only implemented for interfaces!
 -> (artifact id: '4f11fa42ac10531eeb56b693742d5c94') in 0.022880 seconds
Number of updated asset objects reloaded before import = 0
Number of asset objects unloaded after import = 3
========================================================================
Received Import Request.
  Time since last request: 0.000025 seconds.
  path: Assets/DevTex/Textures/Prefab_Ref_m7.png
  artifactKey: Guid(9010dfe647115e94396fc57e00a5da67) Importer(2089858483,0ecaa5967403d082aa24f35e1b516d23)
Start importing Assets/DevTex/Textures/Prefab_Ref_m7.png using Guid(9010dfe647115e94396fc57e00a5da67) Importer(2089858483,0ecaa5967403d082aa24f35e1b516d23) Generated GUIDs only implemented for interfaces!
 -> (artifact id: 'd01ac3c93f0e58e0fc0b1b589098bc5f') in 0.061864 seconds
Number of updated asset objects reloaded before import = 0
Number of asset objects unloaded after import = 1
========================================================================
Received Import Request.
  Time since last request: 0.000024 seconds.
  path: Assets/DevTex/Textures/Collide_World.png
  artifactKey: Guid(aa6fb989189ddee4b8127e71c11ae661) Importer(2089858483,0ecaa5967403d082aa24f35e1b516d23)
Start importing Assets/DevTex/Textures/Collide_World.png using Guid(aa6fb989189ddee4b8127e71c11ae661) Importer(2089858483,0ecaa5967403d082aa24f35e1b516d23) Generated GUIDs only implemented for interfaces!
 -> (artifact id: '99b70cb98ba464fa683f548a741abb10') in 0.048322 seconds
Number of updated asset objects reloaded before import = 0
Number of asset objects unloaded after import = 1
========================================================================
Received Import Request.
  Time since last request: 0.000022 seconds.
  path: Assets/DevTex/Textures/Zone_spawn.png
  artifactKey: Guid(8da392347537b7649879a4e7e5b02ebd) Importer(2089858483,0ecaa5967403d082aa24f35e1b516d23)
Start importing Assets/DevTex/Textures/Zone_spawn.png using Guid(8da392347537b7649879a4e7e5b02ebd) Importer(2089858483,0ecaa5967403d082aa24f35e1b516d23) Generated GUIDs only implemented for interfaces!
 -> (artifact id: '0ac54c73499387224355c4cf4a8e2d4e') in 0.079235 seconds
Number of updated asset objects reloaded before import = 0
Number of asset objects unloaded after import = 1
========================================================================
Received Import Request.
  Time since last request: 0.000027 seconds.
  path: Assets/DevTex/Materials/Dev_metallic_black.mat
  artifactKey: Guid(ae497869dfdc1084f826de4aeacb8e85) Importer(2089858483,0ecaa5967403d082aa24f35e1b516d23)
Start importing Assets/DevTex/Materials/Dev_metallic_black.mat using Guid(ae497869dfdc1084f826de4aeacb8e85) Importer(2089858483,0ecaa5967403d082aa24f35e1b516d23) Generated GUIDs only implemented for interfaces!
 -> (artifact id: '8b2258f63773c7a4d290f0c5a3ee9bb9') in 0.034211 seconds
Number of updated asset objects reloaded before import = 0
Number of asset objects unloaded after import = 3
========================================================================
Received Import Request.
  Time since last request: 0.000022 seconds.
  path: Assets/DevTex/Textures/Prefab_Ref_m8.png
  artifactKey: Guid(b8576689985072c4caa60ced4d4586f4) Importer(2089858483,0ecaa5967403d082aa24f35e1b516d23)
Start importing Assets/DevTex/Textures/Prefab_Ref_m8.png using Guid(b8576689985072c4caa60ced4d4586f4) Importer(2089858483,0ecaa5967403d082aa24f35e1b516d23) Generated GUIDs only implemented for interfaces!
 -> (artifact id: 'f2b14e2948a8460d0b471da4120e017c') in 0.090320 seconds
Number of updated asset objects reloaded before import = 0
Number of asset objects unloaded after import = 1
========================================================================
Received Import Request.
  Time since last request: 0.000052 seconds.
  path: Assets/materials/Metal046A.mat
  artifactKey: Guid(a0301a3e86a1d62419d60cc74ff62d1b) Importer(2089858483,0ecaa5967403d082aa24f35e1b516d23)
Start importing Assets/materials/Metal046A.mat using Guid(a0301a3e86a1d62419d60cc74ff62d1b) Importer(2089858483,0ecaa5967403d082aa24f35e1b516d23) Generated GUIDs only implemented for interfaces!
 -> (artifact id: 'c2ab5283153aba8d435e122907a0c434') in 0.030930 seconds
Number of updated asset objects reloaded before import = 0
Number of asset objects unloaded after import = 2
========================================================================
Received Prepare
Refreshing native plugins compatible for Editor in 3.53 ms, found 3 plugins.
Preloading 0 native plugins for Editor in 0.00 ms.
Unloading 0 Unused Serialized files (Serialized files now loaded: 0)
Unloading 1 unused Assets / (0.8 KB). Loaded Objects now: 3542.
Memory consumption went from 65.5 MB to 65.5 MB.
Total: 4.874900 ms (FindLiveObjects: 0.354400 ms CreateObjectMapping: 0.266400 ms MarkObjects: 4.215000 ms  DeleteObjects: 0.038100 ms)

Prepare: number of updated asset objects reloaded= 0
AssetImportParameters requested are different than current active one (requested -> active):
  custom:container-demuxer-ogg: 62fdf1f143b41e24485cea50d1cbac27 -> 
  custom:video-decoder-ogg-theora: a1e56fd34408186e4bbccfd4996cb3dc -> 
  custom:framework-win-MediaFoundation: 216162199b28c13a410421893ffa2e32 -> 
  custom:CustomObjectIndexerAttribute: 756ad292c208cfabdd7b50bc23989ffe -> 
  custom:container-demuxer-webm: 4f35f7cbe854078d1ac9338744f61a02 -> 
  custom:container-muxer-webm: aa71ff27fc2769a1b78a27578f13a17b -> 
  custom:video-decoder-webm-vp8: 9c59270c3fd7afecdb556c50c9e8de78 -> 
  custom:SearchIndexIgnoredProperties: e643bd26f0fe6173181afceb89e7c659 -> 
  custom:AudioImporter_EditorPlatform: d09bf68614088b80899f8185d706f6e7 -> 
  custom:video-encoder-webm-vp8: eb34c28f22e8b96e1ab97ce403110664 -> 
  custom:audio-decoder-ogg-vorbis: bf7c407c2cedff20999df2af8eb42d56 -> 
  custom:audio-encoder-webm-vorbis: bf7c407c2cedff20999df2af8eb42d56 -> 
