Using pre-set license
Built from '2022.3/staging' branch; Version is '2022.3.8f1 (b5eafc012955) revision 11922172'; Using compiler version '192829333'; Build Type 'Release'
OS: 'Windows 10  (10.0.19045) 64bit Professional' Language: 'en' Physical Memory: 32682 MB
BatchMode: 1, IsHumanControllingUs: 0, StartBugReporterOnCrash: 0, Is64bit: 1, IsPro: 1

COMMAND LINE ARGUMENTS:
C:\Program Files\Unity\Hub\Editor\2022.3.8f1\Editor\Unity.exe
-adb2
-batchMode
-noUpm
-name
AssetImportWorker0
-projectPath
C:/Users/Deves/Desktop/MY unity games BABEE/My project (1)
-logFile
Logs/AssetImportWorker0.log
-srvPort
62896
Successfully changed project path to: C:/Users/Deves/Desktop/MY unity games BABEE/My project (1)
C:/Users/Deves/Desktop/MY unity games BABEE/My project (1)
[UnityMemory] Configuration Parameters - Can be set up in boot.config
    "memorysetup-bucket-allocator-granularity=16"
    "memorysetup-bucket-allocator-bucket-count=8"
    "memorysetup-bucket-allocator-block-size=33554432"
    "memorysetup-bucket-allocator-block-count=8"
    "memorysetup-main-allocator-block-size=16777216"
    "memorysetup-thread-allocator-block-size=16777216"
    "memorysetup-gfx-main-allocator-block-size=16777216"
    "memorysetup-gfx-thread-allocator-block-size=16777216"
    "memorysetup-cache-allocator-block-size=4194304"
    "memorysetup-typetree-allocator-block-size=2097152"
    "memorysetup-profiler-bucket-allocator-granularity=16"
    "memorysetup-profiler-bucket-allocator-bucket-count=8"
    "memorysetup-profiler-bucket-allocator-block-size=33554432"
    "memorysetup-profiler-bucket-allocator-block-count=8"
    "memorysetup-profiler-allocator-block-size=16777216"
    "memorysetup-profiler-editor-allocator-block-size=1048576"
    "memorysetup-temp-allocator-size-main=16777216"
    "memorysetup-job-temp-allocator-block-size=2097152"
    "memorysetup-job-temp-allocator-block-size-background=1048576"
    "memorysetup-job-temp-allocator-reduction-small-platforms=262144"
    "memorysetup-allocator-temp-initial-block-size-main=262144"
    "memorysetup-allocator-temp-initial-block-size-worker=262144"
    "memorysetup-temp-allocator-size-background-worker=32768"
    "memorysetup-temp-allocator-size-job-worker=262144"
    "memorysetup-temp-allocator-size-preload-manager=33554432"
    "memorysetup-temp-allocator-size-nav-mesh-worker=65536"
    "memorysetup-temp-allocator-size-audio-worker=65536"
    "memorysetup-temp-allocator-size-cloud-worker=32768"
    "memorysetup-temp-allocator-size-gi-baking-worker=262144"
    "memorysetup-temp-allocator-size-gfx=262144"
Player connection [64220] Host "[IP] 192.168.2.221 [Port] 0 [Flags] 2 [Guid] 566463390 [EditorId] 566463390 [Version] 1048832 [Id] WindowsEditor(7,DESKTOP-4GKF08P) [Debug] 1 [PackageName] WindowsEditor [ProjectName] Editor" joined multi-casting on [225.0.0.222:54997]...

Player connection [64220] Host "[IP] 192.168.2.221 [Port] 0 [Flags] 2 [Guid] 566463390 [EditorId] 566463390 [Version] 1048832 [Id] WindowsEditor(7,DESKTOP-4GKF08P) [Debug] 1 [PackageName] WindowsEditor [ProjectName] Editor" joined alternative multi-casting on [225.0.0.222:34997]...

[Physics::Module] Initialized MultithreadedJobDispatcher with 15 workers.
Refreshing native plugins compatible for Editor in 9.98 ms, found 3 plugins.
Preloading 0 native plugins for Editor in 0.00 ms.
Initialize engine version: 2022.3.8f1 (b5eafc012955)
[Subsystems] Discovering subsystems at path C:/Program Files/Unity/Hub/Editor/2022.3.8f1/Editor/Data/Resources/UnitySubsystems
[Subsystems] Discovering subsystems at path C:/Users/Deves/Desktop/MY unity games BABEE/My project (1)/Assets
GfxDevice: creating device client; threaded=0; jobified=0
Direct3D:
    Version:  Direct3D 11.0 [level 11.1]
    Renderer: NVIDIA GeForce RTX 3060 Ti (ID=0x2486)
    Vendor:   NVIDIA
    VRAM:     8038 MB
    Driver:   31.0.15.3623
Initialize mono
Mono path[0] = 'C:/Program Files/Unity/Hub/Editor/2022.3.8f1/Editor/Data/Managed'
Mono path[1] = 'C:/Program Files/Unity/Hub/Editor/2022.3.8f1/Editor/Data/MonoBleedingEdge/lib/mono/unityjit-win32'
Mono config path = 'C:/Program Files/Unity/Hub/Editor/2022.3.8f1/Editor/Data/MonoBleedingEdge/etc'
Using monoOptions --debugger-agent=transport=dt_socket,embedding=1,server=y,suspend=n,address=127.0.0.1:56928
Begin MonoManager ReloadAssembly
Registering precompiled unity dll's ...
Register platform support module: C:/Program Files/Unity/Hub/Editor/2022.3.8f1/Editor/Data/PlaybackEngines/WindowsStandaloneSupport/UnityEditor.WindowsStandalone.Extensions.dll
Register platform support module: C:/Program Files/Unity/Hub/Editor/2022.3.8f1/Editor/Data/PlaybackEngines/MetroSupport/UnityEditor.UWP.Extensions.dll
Registered in 0.017703 seconds.
- Loaded All Assemblies, in  0.497 seconds
Native extension for UWP target not found
Native extension for WindowsStandalone target not found
Mono: successfully reloaded assembly
- Finished resetting the current domain, in  0.393 seconds
Domain Reload Profiling: 889ms
	BeginReloadAssembly (146ms)
		ExecutionOrderSort (0ms)
		DisableScriptedObjects (0ms)
		BackupInstance (0ms)
		ReleaseScriptingObjects (0ms)
		CreateAndSetChildDomain (1ms)
	RebuildCommonClasses (42ms)
	RebuildNativeTypeToScriptingClass (13ms)
	initialDomainReloadingComplete (89ms)
	LoadAllAssembliesAndSetupDomain (205ms)
		LoadAssemblies (144ms)
		RebuildTransferFunctionScriptingTraits (0ms)
		AnalyzeDomain (202ms)
			TypeCache.Refresh (200ms)
				TypeCache.ScanAssembly (179ms)
			ScanForSourceGeneratedMonoScriptInfo (1ms)
			ResolveRequiredComponents (1ms)
	FinalizeReload (393ms)
		ReleaseScriptCaches (0ms)
		RebuildScriptCaches (0ms)
		SetupLoadedEditorAssemblies (286ms)
			LogAssemblyErrors (0ms)
			InitializePlatformSupportModulesInManaged (18ms)
			SetLoadedEditorAssemblies (11ms)
			RefreshPlugins (0ms)
			BeforeProcessingInitializeOnLoad (4ms)
			ProcessInitializeOnLoadAttributes (185ms)
			ProcessInitializeOnLoadMethodAttributes (68ms)
			AfterProcessingInitializeOnLoad (0ms)
			EditorAssembliesLoaded (0ms)
		ExecutionOrderSort2 (0ms)
		AwakeInstancesAfterBackupRestoration (0ms)
========================================================================
Worker process is ready to serve import requests
Begin MonoManager ReloadAssembly
- Loaded All Assemblies, in  0.841 seconds
Refreshing native plugins compatible for Editor in 3.16 ms, found 3 plugins.
Native extension for UWP target not found
Native extension for WindowsStandalone target not found
Package Manager log level set to [2]
[Package Manager] Server::EnsureServerProcessIsRunning -- launch failed, reason: Unity was launched with the -noUpm command-line argument
[Package Manager] UpmClient::Send -- Unable to send message (not connected to UPM process).
[Package Manager] Cannot connect to Unity Package Manager local server
Mono: successfully reloaded assembly
- Finished resetting the current domain, in  0.869 seconds
Domain Reload Profiling: 1707ms
	BeginReloadAssembly (203ms)
		ExecutionOrderSort (0ms)
		DisableScriptedObjects (8ms)
		BackupInstance (0ms)
		ReleaseScriptingObjects (0ms)
		CreateAndSetChildDomain (28ms)
	RebuildCommonClasses (49ms)
	RebuildNativeTypeToScriptingClass (13ms)
	initialDomainReloadingComplete (51ms)
	LoadAllAssembliesAndSetupDomain (520ms)
		LoadAssemblies (418ms)
		RebuildTransferFunctionScriptingTraits (0ms)
		AnalyzeDomain (223ms)
			TypeCache.Refresh (199ms)
				TypeCache.ScanAssembly (179ms)
			ScanForSourceGeneratedMonoScriptInfo (17ms)
			ResolveRequiredComponents (6ms)
	FinalizeReload (870ms)
		ReleaseScriptCaches (0ms)
		RebuildScriptCaches (0ms)
		SetupLoadedEditorAssemblies (671ms)
			LogAssemblyErrors (0ms)
			InitializePlatformSupportModulesInManaged (9ms)
			SetLoadedEditorAssemblies (6ms)
			RefreshPlugins (0ms)
			BeforeProcessingInitializeOnLoad (142ms)
			ProcessInitializeOnLoadAttributes (480ms)
			ProcessInitializeOnLoadMethodAttributes (24ms)
			AfterProcessingInitializeOnLoad (9ms)
			EditorAssembliesLoaded (0ms)
		ExecutionOrderSort2 (0ms)
		AwakeInstancesAfterBackupRestoration (8ms)
Launched and connected shader compiler UnityShaderCompiler.exe after 0.06 seconds
Refreshing native plugins compatible for Editor in 4.11 ms, found 3 plugins.
Preloading 0 native plugins for Editor in 0.00 ms.
Unloading 3080 Unused Serialized files (Serialized files now loaded: 0)
Unloading 31 unused Assets / (56.3 KB). Loaded Objects now: 3542.
Memory consumption went from 114.5 MB to 114.5 MB.
Total: 3.926000 ms (FindLiveObjects: 0.286500 ms CreateObjectMapping: 0.298300 ms MarkObjects: 3.208500 ms  DeleteObjects: 0.131500 ms)

AssetImportParameters requested are different than current active one (requested -> active):
  custom:container-demuxer-ogg: 62fdf1f143b41e24485cea50d1cbac27 -> 
  custom:video-decoder-ogg-theora: a1e56fd34408186e4bbccfd4996cb3dc -> 
  custom:framework-win-MediaFoundation: 216162199b28c13a410421893ffa2e32 -> 
  custom:container-demuxer-webm: 4f35f7cbe854078d1ac9338744f61a02 -> 
  custom:container-muxer-webm: aa71ff27fc2769a1b78a27578f13a17b -> 
  custom:video-decoder-webm-vp8: 9c59270c3fd7afecdb556c50c9e8de78 -> 
  custom:AudioImporter_EditorPlatform: d09bf68614088b80899f8185d706f6e7 -> 
  custom:video-encoder-webm-vp8: eb34c28f22e8b96e1ab97ce403110664 -> 
  custom:audio-decoder-ogg-vorbis: bf7c407c2cedff20999df2af8eb42d56 -> 
  custom:audio-encoder-webm-vorbis: bf7c407c2cedff20999df2af8eb42d56 -> 
========================================================================
Received Import Request.
  Time since last request: 1980602.092019 seconds.
  path: Assets/scripts/MoveCam.cs
  artifactKey: Guid(ba43d492ffd41c340b81d6de1c1af01a) Importer(2089858483,0ecaa5967403d082aa24f35e1b516d23)
Start importing Assets/scripts/MoveCam.cs using Guid(ba43d492ffd41c340b81d6de1c1af01a) Importer(2089858483,0ecaa5967403d082aa24f35e1b516d23) Generated GUIDs only implemented for interfaces!
 -> (artifact id: '246dbfc784580ca6c9113bb460a88ca7') in 0.121221 seconds
Number of updated asset objects reloaded before import = 0
Number of asset objects unloaded after import = 1
========================================================================
Received Import Request.
  Time since last request: 0.000030 seconds.
  path: Assets/textures/metal_0058_color_2k.jpg
  artifactKey: Guid(7cfe6e57cb8efa4429ecf597970832c7) Importer(2089858483,0ecaa5967403d082aa24f35e1b516d23)
Start importing Assets/textures/metal_0058_color_2k.jpg using Guid(7cfe6e57cb8efa4429ecf597970832c7) Importer(2089858483,0ecaa5967403d082aa24f35e1b516d23) Generated GUIDs only implemented for interfaces!
 -> (artifact id: '7ab775c3066a96447947822fb35af8b1') in 0.127629 seconds
Number of updated asset objects reloaded before import = 0
Number of asset objects unloaded after import = 1
========================================================================
Received Import Request.
  Time since last request: 0.000019 seconds.
  path: Assets/textures/Metal046A.png
  artifactKey: Guid(2efe7445331716145b13f5d098049c41) Importer(2089858483,0ecaa5967403d082aa24f35e1b516d23)
Start importing Assets/textures/Metal046A.png using Guid(2efe7445331716145b13f5d098049c41) Importer(2089858483,0ecaa5967403d082aa24f35e1b516d23) Generated GUIDs only implemented for interfaces!
 -> (artifact id: 'a6b36cca0c586fc0a3436314cd082c67') in 0.049501 seconds
Number of updated asset objects reloaded before import = 0
Number of asset objects unloaded after import = 1
========================================================================
Received Import Request.
  Time since last request: 0.000021 seconds.
  path: Assets/DevTex/Textures/Prefab_Grey50.png
  artifactKey: Guid(682dde2b3012d924bb7ea8e62e07f935) Importer(2089858483,0ecaa5967403d082aa24f35e1b516d23)
Start importing Assets/DevTex/Textures/Prefab_Grey50.png using Guid(682dde2b3012d924bb7ea8e62e07f935) Importer(2089858483,0ecaa5967403d082aa24f35e1b516d23) Generated GUIDs only implemented for interfaces!
 -> (artifact id: 'e35f894e8f0c3ba1b30a671832dbe00f') in 0.053345 seconds
Number of updated asset objects reloaded before import = 0
Number of asset objects unloaded after import = 1
========================================================================
Received Import Request.
  Time since last request: 0.000034 seconds.
  path: Assets/DevTex/Materials/Dev_matte_blue.mat
  artifactKey: Guid(e4ffd19d4d133124ba599827254956f6) Importer(2089858483,0ecaa5967403d082aa24f35e1b516d23)
Start importing Assets/DevTex/Materials/Dev_matte_blue.mat using Guid(e4ffd19d4d133124ba599827254956f6) Importer(2089858483,0ecaa5967403d082aa24f35e1b516d23) Generated GUIDs only implemented for interfaces!
 -> (artifact id: 'd34710e7f1e454359ea7909fa03dc977') in 0.054546 seconds
Number of updated asset objects reloaded before import = 0
Number of asset objects unloaded after import = 2
========================================================================
Received Import Request.
  Time since last request: 0.000038 seconds.
  path: Assets/textures/Metal046A_2K-JPG_NormalDX.jpg
  artifactKey: Guid(e9fc97a6e0b17f744806d2984a0605c6) Importer(2089858483,0ecaa5967403d082aa24f35e1b516d23)
Start importing Assets/textures/Metal046A_2K-JPG_NormalDX.jpg using Guid(e9fc97a6e0b17f744806d2984a0605c6) Importer(2089858483,0ecaa5967403d082aa24f35e1b516d23) Generated GUIDs only implemented for interfaces!
 -> (artifact id: '31b50676365e8375bc21faf93370b5af') in 0.062299 seconds
Number of updated asset objects reloaded before import = 0
Number of asset objects unloaded after import = 1
========================================================================
Received Import Request.
  Time since last request: 0.000028 seconds.
  path: Assets/DevTex/Textures/Prefab_orange.png
  artifactKey: Guid(b4378bd152ed6824a90c459d6b625a2d) Importer(2089858483,0ecaa5967403d082aa24f35e1b516d23)
Start importing Assets/DevTex/Textures/Prefab_orange.png using Guid(b4378bd152ed6824a90c459d6b625a2d) Importer(2089858483,0ecaa5967403d082aa24f35e1b516d23) Generated GUIDs only implemented for interfaces!
 -> (artifact id: '36f71b61e5e9f9f801a849780550b10d') in 0.051059 seconds
Number of updated asset objects reloaded before import = 0
Number of asset objects unloaded after import = 1
========================================================================
Received Import Request.
  Time since last request: 0.000020 seconds.
  path: Assets/DevTex/Textures/Prefab_yellow.png
  artifactKey: Guid(1763c27db58e0514aae9cc0bb4116dff) Importer(2089858483,0ecaa5967403d082aa24f35e1b516d23)
Start importing Assets/DevTex/Textures/Prefab_yellow.png using Guid(1763c27db58e0514aae9cc0bb4116dff) Importer(2089858483,0ecaa5967403d082aa24f35e1b516d23) Generated GUIDs only implemented for interfaces!
 -> (artifact id: '4ef530abf2f23ac1fa9353fea0088dcd') in 0.045792 seconds
Number of updated asset objects reloaded before import = 0
Number of asset objects unloaded after import = 1
========================================================================
Received Import Request.
  Time since last request: 0.000049 seconds.
  path: Assets/DevTex/Textures/Solid_Region.png
  artifactKey: Guid(4b2ec62d304149344ae135e6ba287be6) Importer(2089858483,0ecaa5967403d082aa24f35e1b516d23)
Start importing Assets/DevTex/Textures/Solid_Region.png using Guid(4b2ec62d304149344ae135e6ba287be6) Importer(2089858483,0ecaa5967403d082aa24f35e1b516d23) Generated GUIDs only implemented for interfaces!
 -> (artifact id: 'e26a011368e4ebf91641b3e99e95022f') in 0.046126 seconds
Number of updated asset objects reloaded before import = 0
Number of asset objects unloaded after import = 1
========================================================================
Received Import Request.
  Time since last request: 0.000019 seconds.
  path: Assets/Scenes/MovementTest.unity
  artifactKey: Guid(9fc0d4010bbf28b4594072e72b8655ab) Importer(2089858483,0ecaa5967403d082aa24f35e1b516d23)
Start importing Assets/Scenes/MovementTest.unity using Guid(9fc0d4010bbf28b4594072e72b8655ab) Importer(2089858483,0ecaa5967403d082aa24f35e1b516d23) Generated GUIDs only implemented for interfaces!
 -> (artifact id: '2f08c761e2dd2df1cd3f3a1c6d1ec16c') in 0.013699 seconds
Number of updated asset objects reloaded before import = 0
Number of asset objects unloaded after import = 1
========================================================================
Received Import Request.
  Time since last request: 0.000090 seconds.
  path: Assets/DevTex/Textures/Solid_SkyBox.png
  artifactKey: Guid(937f9b5e06b17da498d852983fcfbc09) Importer(2089858483,0ecaa5967403d082aa24f35e1b516d23)
Start importing Assets/DevTex/Textures/Solid_SkyBox.png using Guid(937f9b5e06b17da498d852983fcfbc09) Importer(2089858483,0ecaa5967403d082aa24f35e1b516d23) Generated GUIDs only implemented for interfaces!
 -> (artifact id: '6da0818558a31a1629f269a2f34f47af') in 0.045980 seconds
Number of updated asset objects reloaded before import = 0
Number of asset objects unloaded after import = 1
========================================================================
Received Import Request.
  Time since last request: 0.000017 seconds.
  path: Assets/DevTex/Textures/Prefab_purple.png
  artifactKey: Guid(3fd20171da7bd6548b4c7f5f826ad9f9) Importer(2089858483,0ecaa5967403d082aa24f35e1b516d23)
Start importing Assets/DevTex/Textures/Prefab_purple.png using Guid(3fd20171da7bd6548b4c7f5f826ad9f9) Importer(2089858483,0ecaa5967403d082aa24f35e1b516d23) Generated GUIDs only implemented for interfaces!
 -> (artifact id: '061574a7075cbb2e17583cfa7b8e3272') in 0.046462 seconds
Number of updated asset objects reloaded before import = 0
Number of asset objects unloaded after import = 1
========================================================================
Received Import Request.
  Time since last request: 0.000028 seconds.
  path: Assets/DevTex/Materials/Dev_matte_black.mat
  artifactKey: Guid(9e053f3b319d5964ebc94e9a4c516165) Importer(2089858483,0ecaa5967403d082aa24f35e1b516d23)
Start importing Assets/DevTex/Materials/Dev_matte_black.mat using Guid(9e053f3b319d5964ebc94e9a4c516165) Importer(2089858483,0ecaa5967403d082aa24f35e1b516d23) Generated GUIDs only implemented for interfaces!
 -> (artifact id: 'a221bb1e75b74a40784d07be312b7e07') in 0.019161 seconds
Number of updated asset objects reloaded before import = 0
Number of asset objects unloaded after import = 2
========================================================================
Received Import Request.
  Time since last request: 0.000039 seconds.
  path: Assets/DevTex/Materials/Dev_matte_orange.mat
  artifactKey: Guid(9ec9ae56b49bc64479611146225f0e62) Importer(2089858483,0ecaa5967403d082aa24f35e1b516d23)
Start importing Assets/DevTex/Materials/Dev_matte_orange.mat using Guid(9ec9ae56b49bc64479611146225f0e62) Importer(2089858483,0ecaa5967403d082aa24f35e1b516d23) Generated GUIDs only implemented for interfaces!
 -> (artifact id: '275e39a43836de26c1a1e471837f3d98') in 0.020224 seconds
Number of updated asset objects reloaded before import = 0
Number of asset objects unloaded after import = 2
========================================================================
Received Import Request.
  Time since last request: 0.000026 seconds.
  path: Assets/DevTex/Materials/Dev_trigger_Camera.mat
  artifactKey: Guid(55a1ecc59f729334182af7e1e9850036) Importer(2089858483,0ecaa5967403d082aa24f35e1b516d23)
Start importing Assets/DevTex/Materials/Dev_trigger_Camera.mat using Guid(55a1ecc59f729334182af7e1e9850036) Importer(2089858483,0ecaa5967403d082aa24f35e1b516d23) Generated GUIDs only implemented for interfaces!
 -> (artifact id: '79273d9205d5978a2d486b24332507aa') in 0.023401 seconds
Number of updated asset objects reloaded before import = 0
Number of asset objects unloaded after import = 2
========================================================================
Received Import Request.
  Time since last request: 0.000024 seconds.
  path: Assets/textures/Metal046A_2K-JPG_Displacement.jpg
  artifactKey: Guid(56322431bcf1eab41a15d3de358d8ee6) Importer(2089858483,0ecaa5967403d082aa24f35e1b516d23)
Start importing Assets/textures/Metal046A_2K-JPG_Displacement.jpg using Guid(56322431bcf1eab41a15d3de358d8ee6) Importer(2089858483,0ecaa5967403d082aa24f35e1b516d23) Generated GUIDs only implemented for interfaces!
 -> (artifact id: 'f2a25c0a20f44e20176e5585668c8941') in 0.057441 seconds
Number of updated asset objects reloaded before import = 0
Number of asset objects unloaded after import = 1
========================================================================
Received Import Request.
  Time since last request: 0.000020 seconds.
  path: Assets/DevTex/Textures/Prefab_green.png
  artifactKey: Guid(7445403625d6a2a41b2a8862e711959c) Importer(2089858483,0ecaa5967403d082aa24f35e1b516d23)
Start importing Assets/DevTex/Textures/Prefab_green.png using Guid(7445403625d6a2a41b2a8862e711959c) Importer(2089858483,0ecaa5967403d082aa24f35e1b516d23) Generated GUIDs only implemented for interfaces!
 -> (artifact id: 'bffac85684b699bf131b387a21d643ba') in 0.040404 seconds
Number of updated asset objects reloaded before import = 0
Number of asset objects unloaded after import = 1
========================================================================
Received Import Request.
  Time since last request: 0.000024 seconds.
  path: Assets/DevTex/Materials/Dev_metallic_yellow.mat
  artifactKey: Guid(ec88c3b93ff6cf049a7cb7adcfe770c1) Importer(2089858483,0ecaa5967403d082aa24f35e1b516d23)
Start importing Assets/DevTex/Materials/Dev_metallic_yellow.mat using Guid(ec88c3b93ff6cf049a7cb7adcfe770c1) Importer(2089858483,0ecaa5967403d082aa24f35e1b516d23) Generated GUIDs only implemented for interfaces!
 -> (artifact id: '9f7c88da75598830d5d0873d874617d3') in 0.017750 seconds
Number of updated asset objects reloaded before import = 0
Number of asset objects unloaded after import = 3
========================================================================
Received Import Request.
  Time since last request: 0.000034 seconds.
  path: Assets/DevTex/Materials/Dev_reflective_100.mat
  artifactKey: Guid(7aef6c87ae262cf4c8caf4650402c7b1) Importer(2089858483,0ecaa5967403d082aa24f35e1b516d23)
Start importing Assets/DevTex/Materials/Dev_reflective_100.mat using Guid(7aef6c87ae262cf4c8caf4650402c7b1) Importer(2089858483,0ecaa5967403d082aa24f35e1b516d23) Generated GUIDs only implemented for interfaces!
 -> (artifact id: 'a1d7d326feb527fa235026f07ba27d68') in 0.024451 seconds
Number of updated asset objects reloaded before import = 0
Number of asset objects unloaded after import = 3
========================================================================
Received Import Request.
  Time since last request: 0.000017 seconds.
  path: Assets/DevTex/Textures/Prefab_Black.png
  artifactKey: Guid(35ab53bef1f1a954cb756b2878e66c59) Importer(2089858483,0ecaa5967403d082aa24f35e1b516d23)
Start importing Assets/DevTex/Textures/Prefab_Black.png using Guid(35ab53bef1f1a954cb756b2878e66c59) Importer(2089858483,0ecaa5967403d082aa24f35e1b516d23) Generated GUIDs only implemented for interfaces!
 -> (artifact id: '269498c1bcd5ef8bc5051b252f4726a0') in 0.046966 seconds
Number of updated asset objects reloaded before import = 0
Number of asset objects unloaded after import = 1
========================================================================
Received Import Request.
  Time since last request: 0.000019 seconds.
  path: Assets/ClassicFPSController/Scripts/SmoothPlayerCamera.cs
  artifactKey: Guid(ef46373f1dcf6eb4cb8a6db2894e6829) Importer(2089858483,0ecaa5967403d082aa24f35e1b516d23)
Start importing Assets/ClassicFPSController/Scripts/SmoothPlayerCamera.cs using Guid(ef46373f1dcf6eb4cb8a6db2894e6829) Importer(2089858483,0ecaa5967403d082aa24f35e1b516d23) Generated GUIDs only implemented for interfaces!
 -> (artifact id: '9c32a4b6b45ca6599bc99df37ad1a53b') in 0.017823 seconds
Number of updated asset objects reloaded before import = 0
Number of asset objects unloaded after import = 1
========================================================================
Received Import Request.
  Time since last request: 0.000027 seconds.
  path: Assets/DevTex/Materials/Dev_matte_grey25.mat
  artifactKey: Guid(6d301f2d0517f4946b5d7532887b4b48) Importer(2089858483,0ecaa5967403d082aa24f35e1b516d23)
Start importing Assets/DevTex/Materials/Dev_matte_grey25.mat using Guid(6d301f2d0517f4946b5d7532887b4b48) Importer(2089858483,0ecaa5967403d082aa24f35e1b516d23) Generated GUIDs only implemented for interfaces!
 -> (artifact id: '8ed8e1d70531f0d9b0b4dd00b451559f') in 0.018105 seconds
Number of updated asset objects reloaded before import = 0
Number of asset objects unloaded after import = 2
========================================================================
Received Import Request.
  Time since last request: 0.000023 seconds.
  path: Assets/DevTex/Materials/Dev_trigger_script.mat
  artifactKey: Guid(886766f7665d845489797c05e9762ce1) Importer(2089858483,0ecaa5967403d082aa24f35e1b516d23)
Start importing Assets/DevTex/Materials/Dev_trigger_script.mat using Guid(886766f7665d845489797c05e9762ce1) Importer(2089858483,0ecaa5967403d082aa24f35e1b516d23) Generated GUIDs only implemented for interfaces!
 -> (artifact id: 'cf7671ad1115e59d09999d202a0332bb') in 0.020039 seconds
Number of updated asset objects reloaded before import = 0
Number of asset objects unloaded after import = 2
========================================================================
Received Import Request.
  Time since last request: 0.000020 seconds.
  path: Assets/DevTex/Materials/Dev_metallic_green.mat
  artifactKey: Guid(7b995c752d7427b4296ec6b114afa0a9) Importer(2089858483,0ecaa5967403d082aa24f35e1b516d23)
Start importing Assets/DevTex/Materials/Dev_metallic_green.mat using Guid(7b995c752d7427b4296ec6b114afa0a9) Importer(2089858483,0ecaa5967403d082aa24f35e1b516d23) Generated GUIDs only implemented for interfaces!
 -> (artifact id: '4df31514acd22410442a7b119b6c278d') in 0.018565 seconds
Number of updated asset objects reloaded before import = 0
Number of asset objects unloaded after import = 3
========================================================================
Received Import Request.
  Time since last request: 0.000020 seconds.
  path: Assets/DevTex/Materials/Dev_trigger_small_waypoint.mat
  artifactKey: Guid(4651fdf8a9cee054cbc87e059224d512) Importer(2089858483,0ecaa5967403d082aa24f35e1b516d23)
Start importing Assets/DevTex/Materials/Dev_trigger_small_waypoint.mat using Guid(4651fdf8a9cee054cbc87e059224d512) Importer(2089858483,0ecaa5967403d082aa24f35e1b516d23) Generated GUIDs only implemented for interfaces!
 -> (artifact id: '57aa72afe1f7a947f6aea35b00b8c85d') in 0.017956 seconds
Number of updated asset objects reloaded before import = 0
Number of asset objects unloaded after import = 2
========================================================================
Received Import Request.
  Time since last request: 0.000024 seconds.
  path: Assets/materials/pistol.mat
  artifactKey: Guid(94c435e63165562429b23960a7ab7174) Importer(2089858483,0ecaa5967403d082aa24f35e1b516d23)
Start importing Assets/materials/pistol.mat using Guid(94c435e63165562429b23960a7ab7174) Importer(2089858483,0ecaa5967403d082aa24f35e1b516d23) Generated GUIDs only implemented for interfaces!
 -> (artifact id: '87a49213e66d7b4784ebe8975b65b77b') in 0.024580 seconds
Number of updated asset objects reloaded before import = 0
Number of asset objects unloaded after import = 1
========================================================================
Received Import Request.
  Time since last request: 0.000027 seconds.
  path: Assets/DevTex/Textures/Prefab_Ref_m.png
  artifactKey: Guid(569e4e9d725ccdf489c1abc90abd757e) Importer(2089858483,0ecaa5967403d082aa24f35e1b516d23)
Start importing Assets/DevTex/Textures/Prefab_Ref_m.png using Guid(569e4e9d725ccdf489c1abc90abd757e) Importer(2089858483,0ecaa5967403d082aa24f35e1b516d23) Generated GUIDs only implemented for interfaces!
 -> (artifact id: '2433bf1274b4374f0528b67e8ac1416c') in 0.054314 seconds
Number of updated asset objects reloaded before import = 0
Number of asset objects unloaded after import = 1
========================================================================
Received Import Request.
  Time since last request: 0.000029 seconds.
  path: Assets/textures/rock_face_03_arm_4k.jpg
  artifactKey: Guid(d7916af7d00ab6c49aa661852a2bd73f) Importer(2089858483,0ecaa5967403d082aa24f35e1b516d23)
Start importing Assets/textures/rock_face_03_arm_4k.jpg using Guid(d7916af7d00ab6c49aa661852a2bd73f) Importer(2089858483,0ecaa5967403d082aa24f35e1b516d23) Generated GUIDs only implemented for interfaces!
 -> (artifact id: 'c1a2dffd6c95398bb06a35efff81da67') in 0.051645 seconds
Number of updated asset objects reloaded before import = 0
Number of asset objects unloaded after import = 1
========================================================================
Received Import Request.
  Time since last request: 0.000027 seconds.
  path: Assets/3d models/bHb6Zjm(2).fbx
  artifactKey: Guid(9bf85e16f277406438576bc6c9c7edf0) Importer(2089858483,0ecaa5967403d082aa24f35e1b516d23)
Start importing Assets/3d models/bHb6Zjm(2).fbx using Guid(9bf85e16f277406438576bc6c9c7edf0) Importer(2089858483,0ecaa5967403d082aa24f35e1b516d23) Generated GUIDs only implemented for interfaces!
 -> (artifact id: '5d38d3d753e2af596aa98313738f66ff') in 0.136553 seconds
Number of updated asset objects reloaded before import = 0
Number of asset objects unloaded after import = 18
========================================================================
Received Import Request.
  Time since last request: 0.000069 seconds.
  path: Assets/DevTex/Materials/Dev_metallic_grey.mat
  artifactKey: Guid(c71fdd3d28686304fa050821f4f023bd) Importer(2089858483,0ecaa5967403d082aa24f35e1b516d23)
Start importing Assets/DevTex/Materials/Dev_metallic_grey.mat using Guid(c71fdd3d28686304fa050821f4f023bd) Importer(2089858483,0ecaa5967403d082aa24f35e1b516d23) Generated GUIDs only implemented for interfaces!
 -> (artifact id: '837a7021e71bf8e85745cd9dc55d53a4') in 0.042457 seconds
Number of updated asset objects reloaded before import = 0
Number of asset objects unloaded after import = 3
========================================================================
Received Import Request.
  Time since last request: 0.000027 seconds.
  path: Assets/DevTex/Materials/Dev_metallic_red.mat
  artifactKey: Guid(468ab78ca2ce0954496d60628401c9c5) Importer(2089858483,0ecaa5967403d082aa24f35e1b516d23)
Start importing Assets/DevTex/Materials/Dev_metallic_red.mat using Guid(468ab78ca2ce0954496d60628401c9c5) Importer(2089858483,0ecaa5967403d082aa24f35e1b516d23) Generated GUIDs only implemented for interfaces!
 -> (artifact id: 'bfe3442e68e49331e1ee699edfab609c') in 0.030703 seconds
Number of updated asset objects reloaded before import = 0
Number of asset objects unloaded after import = 3
========================================================================
Received Prepare
Refreshing native plugins compatible for Editor in 3.26 ms, found 3 plugins.
Preloading 0 native plugins for Editor in 0.00 ms.
Unloading 0 Unused Serialized files (Serialized files now loaded: 0)
Unloading 1 unused Assets / (0.8 KB). Loaded Objects now: 3542.
Memory consumption went from 65.7 MB to 65.7 MB.
Total: 3.820200 ms (FindLiveObjects: 0.358000 ms CreateObjectMapping: 0.348200 ms MarkObjects: 3.088000 ms  DeleteObjects: 0.024700 ms)

Prepare: number of updated asset objects reloaded= 0
AssetImportParameters requested are different than current active one (requested -> active):
  custom:container-demuxer-ogg: 62fdf1f143b41e24485cea50d1cbac27 -> 
  custom:video-decoder-ogg-theora: a1e56fd34408186e4bbccfd4996cb3dc -> 
  custom:framework-win-MediaFoundation: 216162199b28c13a410421893ffa2e32 -> 
  custom:CustomObjectIndexerAttribute: 756ad292c208cfabdd7b50bc23989ffe -> 
  custom:container-demuxer-webm: 4f35f7cbe854078d1ac9338744f61a02 -> 
  custom:container-muxer-webm: aa71ff27fc2769a1b78a27578f13a17b -> 
  custom:video-decoder-webm-vp8: 9c59270c3fd7afecdb556c50c9e8de78 -> 
  custom:SearchIndexIgnoredProperties: e643bd26f0fe6173181afceb89e7c659 -> 
  custom:AudioImporter_EditorPlatform: d09bf68614088b80899f8185d706f6e7 -> 
  custom:video-encoder-webm-vp8: eb34c28f22e8b96e1ab97ce403110664 -> 
  custom:audio-decoder-ogg-vorbis: bf7c407c2cedff20999df2af8eb42d56 -> 
  custom:audio-encoder-webm-vorbis: bf7c407c2cedff20999df2af8eb42d56 -> 
