Using pre-set license
Built from '2022.3/staging' branch; Version is '2022.3.8f1 (b5eafc012955) revision 11922172'; Using compiler version '192829333'; Build Type 'Release'
OS: 'Windows 10  (10.0.19045) 64bit Professional' Language: 'en' Physical Memory: 32682 MB
BatchMode: 1, IsHumanControllingUs: 0, StartBugReporterOnCrash: 0, Is64bit: 1, IsPro: 1

COMMAND LINE ARGUMENTS:
C:\Program Files\Unity\Hub\Editor\2022.3.8f1\Editor\Unity.exe
-adb2
-batchMode
-noUpm
-name
AssetImportWorker1
-projectPath
C:/Users/Deves/Desktop/MY unity games BABEE/My project (1)
-logFile
Logs/AssetImportWorker1.log
-srvPort
62896
Successfully changed project path to: C:/Users/Deves/Desktop/MY unity games BABEE/My project (1)
C:/Users/Deves/Desktop/MY unity games BABEE/My project (1)
[UnityMemory] Configuration Parameters - Can be set up in boot.config
    "memorysetup-bucket-allocator-granularity=16"
    "memorysetup-bucket-allocator-bucket-count=8"
    "memorysetup-bucket-allocator-block-size=33554432"
    "memorysetup-bucket-allocator-block-count=8"
    "memorysetup-main-allocator-block-size=16777216"
    "memorysetup-thread-allocator-block-size=16777216"
    "memorysetup-gfx-main-allocator-block-size=16777216"
    "memorysetup-gfx-thread-allocator-block-size=16777216"
    "memorysetup-cache-allocator-block-size=4194304"
    "memorysetup-typetree-allocator-block-size=2097152"
    "memorysetup-profiler-bucket-allocator-granularity=16"
    "memorysetup-profiler-bucket-allocator-bucket-count=8"
    "memorysetup-profiler-bucket-allocator-block-size=33554432"
    "memorysetup-profiler-bucket-allocator-block-count=8"
    "memorysetup-profiler-allocator-block-size=16777216"
    "memorysetup-profiler-editor-allocator-block-size=1048576"
    "memorysetup-temp-allocator-size-main=16777216"
    "memorysetup-job-temp-allocator-block-size=2097152"
    "memorysetup-job-temp-allocator-block-size-background=1048576"
    "memorysetup-job-temp-allocator-reduction-small-platforms=262144"
    "memorysetup-allocator-temp-initial-block-size-main=262144"
    "memorysetup-allocator-temp-initial-block-size-worker=262144"
    "memorysetup-temp-allocator-size-background-worker=32768"
    "memorysetup-temp-allocator-size-job-worker=262144"
    "memorysetup-temp-allocator-size-preload-manager=33554432"
    "memorysetup-temp-allocator-size-nav-mesh-worker=65536"
    "memorysetup-temp-allocator-size-audio-worker=65536"
    "memorysetup-temp-allocator-size-cloud-worker=32768"
    "memorysetup-temp-allocator-size-gi-baking-worker=262144"
    "memorysetup-temp-allocator-size-gfx=262144"
Player connection [119504] Host "[IP] 192.168.2.221 [Port] 0 [Flags] 2 [Guid] 719933014 [EditorId] 719933014 [Version] 1048832 [Id] WindowsEditor(7,DESKTOP-4GKF08P) [Debug] 1 [PackageName] WindowsEditor [ProjectName] Editor" joined multi-casting on [225.0.0.222:54997]...

Player connection [119504] Host "[IP] 192.168.2.221 [Port] 0 [Flags] 2 [Guid] 719933014 [EditorId] 719933014 [Version] 1048832 [Id] WindowsEditor(7,DESKTOP-4GKF08P) [Debug] 1 [PackageName] WindowsEditor [ProjectName] Editor" joined alternative multi-casting on [225.0.0.222:34997]...

[Physics::Module] Initialized MultithreadedJobDispatcher with 15 workers.
Refreshing native plugins compatible for Editor in 10.30 ms, found 3 plugins.
Preloading 0 native plugins for Editor in 0.00 ms.
Initialize engine version: 2022.3.8f1 (b5eafc012955)
[Subsystems] Discovering subsystems at path C:/Program Files/Unity/Hub/Editor/2022.3.8f1/Editor/Data/Resources/UnitySubsystems
[Subsystems] Discovering subsystems at path C:/Users/Deves/Desktop/MY unity games BABEE/My project (1)/Assets
GfxDevice: creating device client; threaded=0; jobified=0
Direct3D:
    Version:  Direct3D 11.0 [level 11.1]
    Renderer: NVIDIA GeForce RTX 3060 Ti (ID=0x2486)
    Vendor:   NVIDIA
    VRAM:     8038 MB
    Driver:   31.0.15.3623
Initialize mono
Mono path[0] = 'C:/Program Files/Unity/Hub/Editor/2022.3.8f1/Editor/Data/Managed'
Mono path[1] = 'C:/Program Files/Unity/Hub/Editor/2022.3.8f1/Editor/Data/MonoBleedingEdge/lib/mono/unityjit-win32'
Mono config path = 'C:/Program Files/Unity/Hub/Editor/2022.3.8f1/Editor/Data/MonoBleedingEdge/etc'
Using monoOptions --debugger-agent=transport=dt_socket,embedding=1,server=y,suspend=n,address=127.0.0.1:56748
Begin MonoManager ReloadAssembly
Registering precompiled unity dll's ...
Register platform support module: C:/Program Files/Unity/Hub/Editor/2022.3.8f1/Editor/Data/PlaybackEngines/WindowsStandaloneSupport/UnityEditor.WindowsStandalone.Extensions.dll
Register platform support module: C:/Program Files/Unity/Hub/Editor/2022.3.8f1/Editor/Data/PlaybackEngines/MetroSupport/UnityEditor.UWP.Extensions.dll
Registered in 0.015076 seconds.
- Loaded All Assemblies, in  0.484 seconds
Native extension for UWP target not found
Native extension for WindowsStandalone target not found
Mono: successfully reloaded assembly
- Finished resetting the current domain, in  0.394 seconds
Domain Reload Profiling: 877ms
	BeginReloadAssembly (135ms)
		ExecutionOrderSort (0ms)
		DisableScriptedObjects (0ms)
		BackupInstance (0ms)
		ReleaseScriptingObjects (0ms)
		CreateAndSetChildDomain (1ms)
	RebuildCommonClasses (44ms)
	RebuildNativeTypeToScriptingClass (13ms)
	initialDomainReloadingComplete (91ms)
	LoadAllAssembliesAndSetupDomain (200ms)
		LoadAssemblies (132ms)
		RebuildTransferFunctionScriptingTraits (0ms)
		AnalyzeDomain (197ms)
			TypeCache.Refresh (195ms)
				TypeCache.ScanAssembly (175ms)
			ScanForSourceGeneratedMonoScriptInfo (1ms)
			ResolveRequiredComponents (1ms)
	FinalizeReload (395ms)
		ReleaseScriptCaches (0ms)
		RebuildScriptCaches (0ms)
		SetupLoadedEditorAssemblies (292ms)
			LogAssemblyErrors (0ms)
			InitializePlatformSupportModulesInManaged (22ms)
			SetLoadedEditorAssemblies (10ms)
			RefreshPlugins (0ms)
			BeforeProcessingInitializeOnLoad (4ms)
			ProcessInitializeOnLoadAttributes (182ms)
			ProcessInitializeOnLoadMethodAttributes (74ms)
			AfterProcessingInitializeOnLoad (0ms)
			EditorAssembliesLoaded (0ms)
		ExecutionOrderSort2 (0ms)
		AwakeInstancesAfterBackupRestoration (0ms)
========================================================================
Worker process is ready to serve import requests
Begin MonoManager ReloadAssembly
- Loaded All Assemblies, in  0.866 seconds
Refreshing native plugins compatible for Editor in 3.05 ms, found 3 plugins.
Native extension for UWP target not found
Native extension for WindowsStandalone target not found
Package Manager log level set to [2]
[Package Manager] Server::EnsureServerProcessIsRunning -- launch failed, reason: Unity was launched with the -noUpm command-line argument
[Package Manager] UpmClient::Send -- Unable to send message (not connected to UPM process).
[Package Manager] Cannot connect to Unity Package Manager local server
Mono: successfully reloaded assembly
- Finished resetting the current domain, in  0.874 seconds
Domain Reload Profiling: 1737ms
	BeginReloadAssembly (195ms)
		ExecutionOrderSort (0ms)
		DisableScriptedObjects (7ms)
		BackupInstance (0ms)
		ReleaseScriptingObjects (0ms)
		CreateAndSetChildDomain (27ms)
	RebuildCommonClasses (51ms)
	RebuildNativeTypeToScriptingClass (19ms)
	initialDomainReloadingComplete (57ms)
	LoadAllAssembliesAndSetupDomain (540ms)
		LoadAssemblies (405ms)
		RebuildTransferFunctionScriptingTraits (0ms)
		AnalyzeDomain (252ms)
			TypeCache.Refresh (227ms)
				TypeCache.ScanAssembly (205ms)
			ScanForSourceGeneratedMonoScriptInfo (18ms)
			ResolveRequiredComponents (6ms)
	FinalizeReload (875ms)
		ReleaseScriptCaches (0ms)
		RebuildScriptCaches (0ms)
		SetupLoadedEditorAssemblies (675ms)
			LogAssemblyErrors (0ms)
			InitializePlatformSupportModulesInManaged (9ms)
			SetLoadedEditorAssemblies (6ms)
			RefreshPlugins (0ms)
			BeforeProcessingInitializeOnLoad (123ms)
			ProcessInitializeOnLoadAttributes (501ms)
			ProcessInitializeOnLoadMethodAttributes (27ms)
			AfterProcessingInitializeOnLoad (8ms)
			EditorAssembliesLoaded (0ms)
		ExecutionOrderSort2 (0ms)
		AwakeInstancesAfterBackupRestoration (7ms)
Launched and connected shader compiler UnityShaderCompiler.exe after 0.07 seconds
Refreshing native plugins compatible for Editor in 3.07 ms, found 3 plugins.
Preloading 0 native plugins for Editor in 0.00 ms.
Unloading 3080 Unused Serialized files (Serialized files now loaded: 0)
Unloading 31 unused Assets / (56.3 KB). Loaded Objects now: 3542.
Memory consumption went from 114.6 MB to 114.5 MB.
Total: 4.850600 ms (FindLiveObjects: 0.397900 ms CreateObjectMapping: 0.310100 ms MarkObjects: 3.991400 ms  DeleteObjects: 0.150000 ms)

AssetImportParameters requested are different than current active one (requested -> active):
  custom:container-demuxer-ogg: 62fdf1f143b41e24485cea50d1cbac27 -> 
  custom:video-decoder-ogg-theora: a1e56fd34408186e4bbccfd4996cb3dc -> 
  custom:framework-win-MediaFoundation: 216162199b28c13a410421893ffa2e32 -> 
  custom:container-demuxer-webm: 4f35f7cbe854078d1ac9338744f61a02 -> 
  custom:container-muxer-webm: aa71ff27fc2769a1b78a27578f13a17b -> 
  custom:video-decoder-webm-vp8: 9c59270c3fd7afecdb556c50c9e8de78 -> 
  custom:AudioImporter_EditorPlatform: d09bf68614088b80899f8185d706f6e7 -> 
  custom:video-encoder-webm-vp8: eb34c28f22e8b96e1ab97ce403110664 -> 
  custom:audio-decoder-ogg-vorbis: bf7c407c2cedff20999df2af8eb42d56 -> 
  custom:audio-encoder-webm-vorbis: bf7c407c2cedff20999df2af8eb42d56 -> 
========================================================================
Received Import Request.
  Time since last request: 1980602.138275 seconds.
  path: Assets/DevTex/Textures/Collide_Handler.png
  artifactKey: Guid(cfd85ceaefb8600438a4aeb6589031ce) Importer(2089858483,0ecaa5967403d082aa24f35e1b516d23)
Start importing Assets/DevTex/Textures/Collide_Handler.png using Guid(cfd85ceaefb8600438a4aeb6589031ce) Importer(2089858483,0ecaa5967403d082aa24f35e1b516d23) Generated GUIDs only implemented for interfaces!
 -> (artifact id: '65aae93b8ab69256fc032f517386c7c5') in 0.224907 seconds
Number of updated asset objects reloaded before import = 0
Number of asset objects unloaded after import = 1
========================================================================
Received Import Request.
  Time since last request: 0.000032 seconds.
  path: Assets/DevTex/Materials/Dev_matte_red.mat
  artifactKey: Guid(9dacba553faf37640b9b190387e0d6a4) Importer(2089858483,0ecaa5967403d082aa24f35e1b516d23)
Start importing Assets/DevTex/Materials/Dev_matte_red.mat using Guid(9dacba553faf37640b9b190387e0d6a4) Importer(2089858483,0ecaa5967403d082aa24f35e1b516d23) Generated GUIDs only implemented for interfaces!
 -> (artifact id: '8a85aadc40863851e5ab71eb72e99afe') in 0.055174 seconds
Number of updated asset objects reloaded before import = 0
Number of asset objects unloaded after import = 2
========================================================================
Received Import Request.
  Time since last request: 0.000030 seconds.
  path: Assets/ClassicFPSController/Instructions.txt
  artifactKey: Guid(a92042ac5bb68a2489ddd1ae058e5e33) Importer(2089858483,0ecaa5967403d082aa24f35e1b516d23)
Start importing Assets/ClassicFPSController/Instructions.txt using Guid(a92042ac5bb68a2489ddd1ae058e5e33) Importer(2089858483,0ecaa5967403d082aa24f35e1b516d23) Generated GUIDs only implemented for interfaces!
 -> (artifact id: '2f1ad84e9aab0d3034d5e2b20ffbff70') in 0.027362 seconds
Number of updated asset objects reloaded before import = 0
Number of asset objects unloaded after import = 1
========================================================================
Received Import Request.
  Time since last request: 0.000402 seconds.
  path: Assets/DevTex/Materials/Dev_matte_green.mat
  artifactKey: Guid(1df9c5f2636860f4fb4b19ecc9e80c62) Importer(2089858483,0ecaa5967403d082aa24f35e1b516d23)
Start importing Assets/DevTex/Materials/Dev_matte_green.mat using Guid(1df9c5f2636860f4fb4b19ecc9e80c62) Importer(2089858483,0ecaa5967403d082aa24f35e1b516d23) Generated GUIDs only implemented for interfaces!
 -> (artifact id: '393424d01ecfa049f5bbd6583a55b22d') in 0.032821 seconds
Number of updated asset objects reloaded before import = 0
Number of asset objects unloaded after import = 2
========================================================================
Received Import Request.
  Time since last request: 0.000020 seconds.
  path: Assets/DevTex/Textures/Prefab_grey.png
  artifactKey: Guid(423391cbbe5ecd94b94ef01cc234a46d) Importer(2089858483,0ecaa5967403d082aa24f35e1b516d23)
Start importing Assets/DevTex/Textures/Prefab_grey.png using Guid(423391cbbe5ecd94b94ef01cc234a46d) Importer(2089858483,0ecaa5967403d082aa24f35e1b516d23) Generated GUIDs only implemented for interfaces!
 -> (artifact id: '97bb50748ad30ba3a21ade6de5890362') in 0.053710 seconds
Number of updated asset objects reloaded before import = 0
Number of asset objects unloaded after import = 1
========================================================================
Received Import Request.
  Time since last request: 0.000015 seconds.
  path: Assets/DevTex/Materials/Dev_zone_scene.mat
  artifactKey: Guid(0fa777106b055eb47aa32040a51231b7) Importer(2089858483,0ecaa5967403d082aa24f35e1b516d23)
Start importing Assets/DevTex/Materials/Dev_zone_scene.mat using Guid(0fa777106b055eb47aa32040a51231b7) Importer(2089858483,0ecaa5967403d082aa24f35e1b516d23) Generated GUIDs only implemented for interfaces!
 -> (artifact id: 'f61359b07f00142e8546da31dcdd121b') in 0.021746 seconds
Number of updated asset objects reloaded before import = 0
Number of asset objects unloaded after import = 2
========================================================================
Received Import Request.
  Time since last request: 0.000025 seconds.
  path: Assets/DevTex/Materials/Dev_reflective_80.mat
  artifactKey: Guid(41faaa13f10018e4fbb11b3c5f032487) Importer(2089858483,0ecaa5967403d082aa24f35e1b516d23)
Start importing Assets/DevTex/Materials/Dev_reflective_80.mat using Guid(41faaa13f10018e4fbb11b3c5f032487) Importer(2089858483,0ecaa5967403d082aa24f35e1b516d23) Generated GUIDs only implemented for interfaces!
 -> (artifact id: '7cdc9ff60363bb108062588f66f9474b') in 0.036517 seconds
Number of updated asset objects reloaded before import = 0
Number of asset objects unloaded after import = 3
========================================================================
Received Import Request.
  Time since last request: 0.000026 seconds.
  path: Assets/DevTex/Materials/Dev_matte_grey75.mat
  artifactKey: Guid(d6cbb9d7d974ade448bd811a9cec399d) Importer(2089858483,0ecaa5967403d082aa24f35e1b516d23)
Start importing Assets/DevTex/Materials/Dev_matte_grey75.mat using Guid(d6cbb9d7d974ade448bd811a9cec399d) Importer(2089858483,0ecaa5967403d082aa24f35e1b516d23) Generated GUIDs only implemented for interfaces!
 -> (artifact id: 'c9946bdeb33e8af7fd3d50a13d47dc4d') in 0.023832 seconds
Number of updated asset objects reloaded before import = 0
Number of asset objects unloaded after import = 2
========================================================================
Received Import Request.
  Time since last request: 0.000032 seconds.
  path: Assets/DevTex/Textures/Small_way.png
  artifactKey: Guid(8c206ac34833eed4f8c6ff447fd23840) Importer(2089858483,0ecaa5967403d082aa24f35e1b516d23)
Start importing Assets/DevTex/Textures/Small_way.png using Guid(8c206ac34833eed4f8c6ff447fd23840) Importer(2089858483,0ecaa5967403d082aa24f35e1b516d23) Generated GUIDs only implemented for interfaces!
 -> (artifact id: '80ae9c525196ab2196e4274142c5dd7f') in 0.048175 seconds
Number of updated asset objects reloaded before import = 0
Number of asset objects unloaded after import = 1
========================================================================
Received Import Request.
  Time since last request: 0.000019 seconds.
  path: Assets/DevTex/Textures/Small_Audio.png
  artifactKey: Guid(0f81f560420ee5643a5b9a974717975f) Importer(2089858483,0ecaa5967403d082aa24f35e1b516d23)
Start importing Assets/DevTex/Textures/Small_Audio.png using Guid(0f81f560420ee5643a5b9a974717975f) Importer(2089858483,0ecaa5967403d082aa24f35e1b516d23) Generated GUIDs only implemented for interfaces!
 -> (artifact id: 'f57136e4865ea8b865eb754adea4774b') in 0.046704 seconds
Number of updated asset objects reloaded before import = 0
Number of asset objects unloaded after import = 1
========================================================================
Received Import Request.
  Time since last request: 0.000019 seconds.
  path: Assets/ClassicFPSController/Scripts/PlayerController.cs
  artifactKey: Guid(2490674e6c4d28343811ded64b6a8cc4) Importer(2089858483,0ecaa5967403d082aa24f35e1b516d23)
Start importing Assets/ClassicFPSController/Scripts/PlayerController.cs using Guid(2490674e6c4d28343811ded64b6a8cc4) Importer(2089858483,0ecaa5967403d082aa24f35e1b516d23) Generated GUIDs only implemented for interfaces!
 -> (artifact id: '5f9a0397e69a8b6404ec31f58ce86909') in 0.018087 seconds
Number of updated asset objects reloaded before import = 0
Number of asset objects unloaded after import = 1
========================================================================
Received Import Request.
  Time since last request: 0.000020 seconds.
  path: Assets/DevTex/Materials/Dev_trigger_player.mat
  artifactKey: Guid(0100f9809fca72b4b9e2fa006bec3b50) Importer(2089858483,0ecaa5967403d082aa24f35e1b516d23)
Start importing Assets/DevTex/Materials/Dev_trigger_player.mat using Guid(0100f9809fca72b4b9e2fa006bec3b50) Importer(2089858483,0ecaa5967403d082aa24f35e1b516d23) Generated GUIDs only implemented for interfaces!
 -> (artifact id: '7a6383895ce3ded8bd206e4c7dc0be57') in 0.023291 seconds
Number of updated asset objects reloaded before import = 0
Number of asset objects unloaded after import = 2
========================================================================
Received Import Request.
  Time since last request: 0.000017 seconds.
  path: Assets/DevTex/Textures/Small_Target.png
  artifactKey: Guid(aec01169946eb05479435d4ce5f980ae) Importer(2089858483,0ecaa5967403d082aa24f35e1b516d23)
Start importing Assets/DevTex/Textures/Small_Target.png using Guid(aec01169946eb05479435d4ce5f980ae) Importer(2089858483,0ecaa5967403d082aa24f35e1b516d23) Generated GUIDs only implemented for interfaces!
 -> (artifact id: 'e78ca7fae34e53c6fb28c0abd368a44c') in 0.050191 seconds
Number of updated asset objects reloaded before import = 0
Number of asset objects unloaded after import = 1
========================================================================
Received Import Request.
  Time since last request: 0.000044 seconds.
  path: Assets/DevTex/Materials/Dev_matte_yellow.mat
  artifactKey: Guid(dc05a9a29e13e2d43a2f45e2a6b96733) Importer(2089858483,0ecaa5967403d082aa24f35e1b516d23)
Start importing Assets/DevTex/Materials/Dev_matte_yellow.mat using Guid(dc05a9a29e13e2d43a2f45e2a6b96733) Importer(2089858483,0ecaa5967403d082aa24f35e1b516d23) Generated GUIDs only implemented for interfaces!
 -> (artifact id: '7b02e8cd4f79eb276eaa1dd1ba81b962') in 0.017861 seconds
Number of updated asset objects reloaded before import = 0
Number of asset objects unloaded after import = 2
========================================================================
Received Import Request.
  Time since last request: 0.000029 seconds.
  path: Assets/DevTex/Textures/Collide_Script.png
  artifactKey: Guid(b6181935a2534ff47bc4b0f67c13bf9d) Importer(2089858483,0ecaa5967403d082aa24f35e1b516d23)
Start importing Assets/DevTex/Textures/Collide_Script.png using Guid(b6181935a2534ff47bc4b0f67c13bf9d) Importer(2089858483,0ecaa5967403d082aa24f35e1b516d23) Generated GUIDs only implemented for interfaces!
 -> (artifact id: 'ae4927d16b37155eefa33bee0b59a5b2') in 0.049204 seconds
Number of updated asset objects reloaded before import = 0
Number of asset objects unloaded after import = 1
========================================================================
Received Import Request.
  Time since last request: 0.000024 seconds.
  path: Assets/DevTex/Materials/Dev_reflective_90.mat
  artifactKey: Guid(23765eb7d4cd4b641906938dfcfa3714) Importer(2089858483,0ecaa5967403d082aa24f35e1b516d23)
Start importing Assets/DevTex/Materials/Dev_reflective_90.mat using Guid(23765eb7d4cd4b641906938dfcfa3714) Importer(2089858483,0ecaa5967403d082aa24f35e1b516d23) Generated GUIDs only implemented for interfaces!
 -> (artifact id: '0469e340d5f1cb9f761914b5aa0bc5c9') in 0.025870 seconds
Number of updated asset objects reloaded before import = 0
Number of asset objects unloaded after import = 3
========================================================================
Received Import Request.
  Time since last request: 0.000031 seconds.
  path: Assets/textures/rock_face_03_diff_4k.jpg
  artifactKey: Guid(a79c43087e9b48c4f9131b199becc8fc) Importer(2089858483,0ecaa5967403d082aa24f35e1b516d23)
Start importing Assets/textures/rock_face_03_diff_4k.jpg using Guid(a79c43087e9b48c4f9131b199becc8fc) Importer(2089858483,0ecaa5967403d082aa24f35e1b516d23) Generated GUIDs only implemented for interfaces!
 -> (artifact id: '66b4b425d7a2c3ae806ab4028d3b1a70') in 0.054019 seconds
Number of updated asset objects reloaded before import = 0
Number of asset objects unloaded after import = 1
========================================================================
Received Import Request.
  Time since last request: 0.000019 seconds.
  path: Assets/DevTex/Materials/Dev_matte_white.mat
  artifactKey: Guid(bb742d83ed804da40afff0bb98de17b3) Importer(2089858483,0ecaa5967403d082aa24f35e1b516d23)
Start importing Assets/DevTex/Materials/Dev_matte_white.mat using Guid(bb742d83ed804da40afff0bb98de17b3) Importer(2089858483,0ecaa5967403d082aa24f35e1b516d23) Generated GUIDs only implemented for interfaces!
 -> (artifact id: '189aada5e556b899320544d5af3a93a9') in 0.016022 seconds
Number of updated asset objects reloaded before import = 0
Number of asset objects unloaded after import = 2
========================================================================
Received Import Request.
  Time since last request: 0.000021 seconds.
  path: Assets/DevTex/Textures/Prefab_Ref_m9.png
  artifactKey: Guid(019c4469532dc6a489c3273feed6757e) Importer(2089858483,0ecaa5967403d082aa24f35e1b516d23)
Start importing Assets/DevTex/Textures/Prefab_Ref_m9.png using Guid(019c4469532dc6a489c3273feed6757e) Importer(2089858483,0ecaa5967403d082aa24f35e1b516d23) Generated GUIDs only implemented for interfaces!
 -> (artifact id: 'e9f7f91bf8d3a651b0424cb6bcdfabed') in 0.045924 seconds
Number of updated asset objects reloaded before import = 0
Number of asset objects unloaded after import = 1
========================================================================
Received Import Request.
  Time since last request: 0.000018 seconds.
  path: Assets/DevTex/Materials/Dev_matte_grey.mat
  artifactKey: Guid(a7ae6b34c1352bd419c92ad25692fcb1) Importer(2089858483,0ecaa5967403d082aa24f35e1b516d23)
Start importing Assets/DevTex/Materials/Dev_matte_grey.mat using Guid(a7ae6b34c1352bd419c92ad25692fcb1) Importer(2089858483,0ecaa5967403d082aa24f35e1b516d23) Generated GUIDs only implemented for interfaces!
 -> (artifact id: '40ad8d2faaf08d2a266d36ad8327f834') in 0.019816 seconds
Number of updated asset objects reloaded before import = 0
Number of asset objects unloaded after import = 2
========================================================================
Received Import Request.
  Time since last request: 0.000016 seconds.
  path: Assets/ClassicFPSController/PlayerPhysicsMaterial.physicMaterial
  artifactKey: Guid(ae325f81fae45e447b409537cd6a0075) Importer(2089858483,0ecaa5967403d082aa24f35e1b516d23)
Start importing Assets/ClassicFPSController/PlayerPhysicsMaterial.physicMaterial using Guid(ae325f81fae45e447b409537cd6a0075) Importer(2089858483,0ecaa5967403d082aa24f35e1b516d23) Generated GUIDs only implemented for interfaces!
 -> (artifact id: 'ef14cd5761181b7336c535bb337d74f4') in 0.023136 seconds
Number of updated asset objects reloaded before import = 0
Number of asset objects unloaded after import = 1
========================================================================
Received Import Request.
  Time since last request: 0.000019 seconds.
  path: Assets/DevTex/Materials/Dev_zone_norender.mat
  artifactKey: Guid(a4e6755c062b9594ebdd9e12833cd8b7) Importer(2089858483,0ecaa5967403d082aa24f35e1b516d23)
Start importing Assets/DevTex/Materials/Dev_zone_norender.mat using Guid(a4e6755c062b9594ebdd9e12833cd8b7) Importer(2089858483,0ecaa5967403d082aa24f35e1b516d23) Generated GUIDs only implemented for interfaces!
 -> (artifact id: '32cc71bfcd7ea540ec12b803fa36016f') in 0.022871 seconds
Number of updated asset objects reloaded before import = 0
Number of asset objects unloaded after import = 2
========================================================================
Received Import Request.
  Time since last request: 0.000035 seconds.
  path: Assets/DevTex/Materials/Dev_zone_region.mat
  artifactKey: Guid(fb9ce5b5407235a4daa3f872ba28e4e2) Importer(2089858483,0ecaa5967403d082aa24f35e1b516d23)
Start importing Assets/DevTex/Materials/Dev_zone_region.mat using Guid(fb9ce5b5407235a4daa3f872ba28e4e2) Importer(2089858483,0ecaa5967403d082aa24f35e1b516d23) Generated GUIDs only implemented for interfaces!
 -> (artifact id: '1fab3b8b5e8a2dc84eea6359c77ab07e') in 0.017424 seconds
Number of updated asset objects reloaded before import = 0
Number of asset objects unloaded after import = 2
========================================================================
Received Import Request.
  Time since last request: 0.000020 seconds.
  path: Assets/textures/street_rat_1k.fbx
  artifactKey: Guid(f6e051b40ad3b3a43853a9f609549068) Importer(2089858483,0ecaa5967403d082aa24f35e1b516d23)
Start importing Assets/textures/street_rat_1k.fbx using Guid(f6e051b40ad3b3a43853a9f609549068) Importer(2089858483,0ecaa5967403d082aa24f35e1b516d23) Generated GUIDs only implemented for interfaces!
 -> (artifact id: 'f79e315b60a31af265b0de52ef105d7b') in 0.091809 seconds
Number of updated asset objects reloaded before import = 0
Number of asset objects unloaded after import = 8
========================================================================
Received Import Request.
  Time since last request: 0.000020 seconds.
  path: Assets/DevTex/Materials/Dev_metallic_blue.mat
  artifactKey: Guid(34a344c7ede21d04eab5304f2292fb0f) Importer(2089858483,0ecaa5967403d082aa24f35e1b516d23)
Start importing Assets/DevTex/Materials/Dev_metallic_blue.mat using Guid(34a344c7ede21d04eab5304f2292fb0f) Importer(2089858483,0ecaa5967403d082aa24f35e1b516d23) Generated GUIDs only implemented for interfaces!
 -> (artifact id: 'e4d2731bc1fcb51d964b8fb3d08d33d8') in 0.026963 seconds
Number of updated asset objects reloaded before import = 0
Number of asset objects unloaded after import = 3
========================================================================
Received Import Request.
  Time since last request: 0.000037 seconds.
  path: Assets/DevTex/Textures/Collide_Camera.png
  artifactKey: Guid(798ec416011b72942b1b4694cbc14eff) Importer(2089858483,0ecaa5967403d082aa24f35e1b516d23)
Start importing Assets/DevTex/Textures/Collide_Camera.png using Guid(798ec416011b72942b1b4694cbc14eff) Importer(2089858483,0ecaa5967403d082aa24f35e1b516d23) Generated GUIDs only implemented for interfaces!
 -> (artifact id: '95f4f5d6945f0832fed36b3c1455ae38') in 0.052204 seconds
Number of updated asset objects reloaded before import = 0
Number of asset objects unloaded after import = 1
========================================================================
Received Import Request.
  Time since last request: 0.000019 seconds.
  path: Assets/scripts/PlayerCam.cs
  artifactKey: Guid(96220b37768da444197eab5b4a83435e) Importer(2089858483,0ecaa5967403d082aa24f35e1b516d23)
Start importing Assets/scripts/PlayerCam.cs using Guid(96220b37768da444197eab5b4a83435e) Importer(2089858483,0ecaa5967403d082aa24f35e1b516d23) Generated GUIDs only implemented for interfaces!
 -> (artifact id: 'ecec6dac8acfe385ce5732c1bbf5601c') in 0.020501 seconds
Number of updated asset objects reloaded before import = 0
Number of asset objects unloaded after import = 1
========================================================================
Received Import Request.
  Time since last request: 0.000021 seconds.
  path: Assets/DevTex/Textures/Zone_Hurt.png
  artifactKey: Guid(0282a7324c0d39b4986149a1a97255ea) Importer(2089858483,0ecaa5967403d082aa24f35e1b516d23)
Start importing Assets/DevTex/Textures/Zone_Hurt.png using Guid(0282a7324c0d39b4986149a1a97255ea) Importer(2089858483,0ecaa5967403d082aa24f35e1b516d23) Generated GUIDs only implemented for interfaces!
 -> (artifact id: '69f67aa67e4cd70031d5149fc07ccab9') in 0.084682 seconds
Number of updated asset objects reloaded before import = 0
Number of asset objects unloaded after import = 1
========================================================================
Received Import Request.
  Time since last request: 0.000028 seconds.
  path: Assets/DevTex/Textures/Prefab_Metal_100.png
  artifactKey: Guid(784c8ac9163087149a755e52701a39a1) Importer(2089858483,0ecaa5967403d082aa24f35e1b516d23)
Start importing Assets/DevTex/Textures/Prefab_Metal_100.png using Guid(784c8ac9163087149a755e52701a39a1) Importer(2089858483,0ecaa5967403d082aa24f35e1b516d23) Generated GUIDs only implemented for interfaces!
 -> (artifact id: 'dbca0f660df1ab112251c153a87dc629') in 0.086221 seconds
Number of updated asset objects reloaded before import = 0
Number of asset objects unloaded after import = 1
========================================================================
Received Import Request.
  Time since last request: 0.000037 seconds.
  path: Assets/DevTex/Textures/Small_Listener.png
  artifactKey: Guid(9eb5136048cda804c99fc3f7837f3bb2) Importer(2089858483,0ecaa5967403d082aa24f35e1b516d23)
Start importing Assets/DevTex/Textures/Small_Listener.png using Guid(9eb5136048cda804c99fc3f7837f3bb2) Importer(2089858483,0ecaa5967403d082aa24f35e1b516d23) Generated GUIDs only implemented for interfaces!
 -> (artifact id: '566790268c06188735ce3be4accc5ca0') in 0.064502 seconds
Number of updated asset objects reloaded before import = 0
Number of asset objects unloaded after import = 1
========================================================================
Received Prepare
Refreshing native plugins compatible for Editor in 3.97 ms, found 3 plugins.
Preloading 0 native plugins for Editor in 0.00 ms.
Unloading 0 Unused Serialized files (Serialized files now loaded: 0)
Unloading 1 unused Assets / (0.8 KB). Loaded Objects now: 3542.
Memory consumption went from 65.7 MB to 65.7 MB.
Total: 5.592800 ms (FindLiveObjects: 0.443200 ms CreateObjectMapping: 0.513100 ms MarkObjects: 4.611800 ms  DeleteObjects: 0.023700 ms)

Prepare: number of updated asset objects reloaded= 0
AssetImportParameters requested are different than current active one (requested -> active):
  custom:container-demuxer-ogg: 62fdf1f143b41e24485cea50d1cbac27 -> 
  custom:video-decoder-ogg-theora: a1e56fd34408186e4bbccfd4996cb3dc -> 
  custom:framework-win-MediaFoundation: 216162199b28c13a410421893ffa2e32 -> 
  custom:CustomObjectIndexerAttribute: 756ad292c208cfabdd7b50bc23989ffe -> 
  custom:container-demuxer-webm: 4f35f7cbe854078d1ac9338744f61a02 -> 
  custom:container-muxer-webm: aa71ff27fc2769a1b78a27578f13a17b -> 
  custom:video-decoder-webm-vp8: 9c59270c3fd7afecdb556c50c9e8de78 -> 
  custom:SearchIndexIgnoredProperties: e643bd26f0fe6173181afceb89e7c659 -> 
  custom:AudioImporter_EditorPlatform: d09bf68614088b80899f8185d706f6e7 -> 
  custom:video-encoder-webm-vp8: eb34c28f22e8b96e1ab97ce403110664 -> 
  custom:audio-decoder-ogg-vorbis: bf7c407c2cedff20999df2af8eb42d56 -> 
  custom:audio-encoder-webm-vorbis: bf7c407c2cedff20999df2af8eb42d56 -> 
